Terminals unused in grammar

    RIGHT_OP
    LEFT_OP


State 167 conflicts: 1 shift/reduce


Grammar

    0 $accept: CompUnit $end

    1 CompUnit: CompUnit Decl
    2         | CompUnit FuncDef
    3         | Decl
    4         | FuncDef

    5 Decl: ConstDecl
    6     | VarDecl

    7 ConstDecl: CONST BType ConstDefList ';'

    8 ConstDefList: ConstDefList ',' ConstDef
    9             | ConstDef

   10 BType: INT
   11      | FLOAT
   12      | VOID

   13 ConstDef: IDENTIFIER ConstExpList '=' ConstInitVal

   14 ConstExpList: ConstExpList '[' ConstExp ']'
   15             | ε

   16 ConstInitVal: ConstExp
   17             | '{' ConstInitValList '}'
   18             | '{' '}'

   19 ConstInitValList: ConstInitValList ',' ConstInitVal
   20                 | ConstInitVal

   21 VarDecl: BType VarDefList ';'

   22 VarDefList: VarDefList ',' VarDef
   23           | VarDef

   24 VarDef: IDENTIFIER ConstExpList
   25       | IDENTIFIER ConstExpList '=' InitVal

   26 InitVal: Exp
   27        | '{' InitValList '}'
   28        | '{' '}'

   29 InitValList: InitValList ',' InitVal
   30            | InitVal

   31 FuncDef: BType IDENTIFIER '(' FuncFParams ')' Block
   32        | BType IDENTIFIER '(' ')' Block

   33 FuncFParams: FuncFParams ',' FuncFParam
   34            | FuncFParam

   35 FuncFParam: BType IDENTIFIER
   36           | BType IDENTIFIER '[' ']' ConstExpList

   37 Block: '{' BlockItemList '}'
   38      | '{' '}'

   39 BlockItemList: BlockItemList BlockItem
   40              | BlockItem

   41 BlockItem: Decl
   42          | Stmt

   43 Stmt: LVal '=' Exp ';'
   44     | ExpOrEmpty ';'
   45     | Block
   46     | IF '(' Cond ')' Stmt
   47     | IF '(' Cond ')' Stmt ELSE Stmt
   48     | WHILE '(' Cond ')' Stmt
   49     | DO Stmt WHILE '(' Cond ')' ';'
   50     | FOR '(' ForStmt ';' CondOrEmpty ';' ForStmt ')' Stmt
   51     | BREAK ';'
   52     | CONTINUE ';'
   53     | RETURN ExpOrEmpty ';'

   54 ExpOrEmpty: Exp
   55           | ε

   56 CondOrEmpty: Cond
   57            | ε

   58 ForStmt: ForStmt ',' LVal '=' Exp
   59        | LVal '=' Exp

   60 Exp: AddExp

   61 Cond: LOrExp

   62 LVal: IDENTIFIER ExpList

   63 ExpList: ExpList '[' Exp ']'
   64        | ε

   65 PrimaryExp: '(' Exp ')'
   66           | LVal
   67           | INT_CONST
   68           | FLOAT_CONST

   69 UnaryExp: PrimaryExp
   70         | IDENTIFIER '(' FuncRParams ')'
   71         | IDENTIFIER '(' ')'
   72         | INC_OP UnaryExp
   73         | DEC_OP UnaryExp
   74         | '+' UnaryExp
   75         | '-' UnaryExp
   76         | '!' UnaryExp

   77 FuncRParams: FuncRParams ',' Exp
   78            | Exp

   79 MulExp: UnaryExp
   80       | MulExp '*' UnaryExp
   81       | MulExp '/' UnaryExp
   82       | MulExp '%' UnaryExp

   83 AddExp: MulExp
   84       | AddExp '+' MulExp
   85       | AddExp '-' MulExp

   86 RelExp: AddExp
   87       | RelExp '<' AddExp
   88       | RelExp '>' AddExp
   89       | RelExp LE_OP AddExp
   90       | RelExp GE_OP AddExp

   91 EqExp: RelExp
   92      | EqExp EQ_OP RelExp
   93      | EqExp NE_OP RelExp

   94 LAndExp: EqExp
   95        | LAndExp AND_OP EqExp

   96 LOrExp: LAndExp
   97       | LOrExp OR_OP LAndExp

   98 ConstExp: AddExp


Terminals, with rules where they appear

    $end (0) 0
    '!' (33) 76
    '%' (37) 82
    '(' (40) 31 32 46 47 48 49 50 65 70 71
    ')' (41) 31 32 46 47 48 49 50 65 70 71
    '*' (42) 80
    '+' (43) 74 84
    ',' (44) 8 19 22 29 33 58 77
    '-' (45) 75 85
    '/' (47) 81
    ';' (59) 7 21 43 44 49 50 51 52 53
    '<' (60) 87
    '=' (61) 13 25 43 58 59
    '>' (62) 88
    '[' (91) 14 36 63
    ']' (93) 14 36 63
    '{' (123) 17 18 27 28 37 38
    '}' (125) 17 18 27 28 37 38
    error (256)
    IDENTIFIER <id> (258) 13 24 25 31 32 35 36 62 70 71
    INT_CONST <intval> (259) 67
    FLOAT_CONST <fval> (260) 68
    CONST (261) 7
    INT (262) 10
    FLOAT (263) 11
    VOID (264) 12
    IF (265) 46 47
    ELSE (266) 47
    WHILE (267) 48 49
    DO (268) 49
    FOR (269) 50
    BREAK (270) 51
    CONTINUE (271) 52
    RETURN (272) 53
    LE_OP (273) 89
    GE_OP (274) 90
    EQ_OP (275) 92
    NE_OP (276) 93
    AND_OP (277) 95
    OR_OP (278) 97
    INC_OP (279) 72
    DEC_OP (280) 73
    RIGHT_OP (281)
    LEFT_OP (282)


Nonterminals, with rules where they appear

    $accept (45)
        on left: 0
    CompUnit <ast> (46)
        on left: 1 2 3 4
        on right: 0 1 2
    Decl <ast> (47)
        on left: 5 6
        on right: 1 3 41
    ConstDecl <ast> (48)
        on left: 7
        on right: 5
    ConstDefList <list> (49)
        on left: 8 9
        on right: 7 8
    BType <ast> (50)
        on left: 10 11 12
        on right: 7 21 31 32 35 36
    ConstDef <ast> (51)
        on left: 13
        on right: 8 9
    ConstExpList <ast> (52)
        on left: 14 15
        on right: 13 14 24 25 36
    ConstInitVal <ast> (53)
        on left: 16 17 18
        on right: 13 19 20
    ConstInitValList <list> (54)
        on left: 19 20
        on right: 17 19
    VarDecl <ast> (55)
        on left: 21
        on right: 6
    VarDefList <list> (56)
        on left: 22 23
        on right: 21 22
    VarDef <ast> (57)
        on left: 24 25
        on right: 22 23
    InitVal <ast> (58)
        on left: 26 27 28
        on right: 25 29 30
    InitValList <list> (59)
        on left: 29 30
        on right: 27 29
    FuncDef <ast> (60)
        on left: 31 32
        on right: 2 4
    FuncFParams <list> (61)
        on left: 33 34
        on right: 31 33
    FuncFParam <ast> (62)
        on left: 35 36
        on right: 33 34
    Block <ast> (63)
        on left: 37 38
        on right: 31 32 45
    BlockItemList <list> (64)
        on left: 39 40
        on right: 37 39
    BlockItem <ast> (65)
        on left: 41 42
        on right: 39 40
    Stmt <ast> (66)
        on left: 43 44 45 46 47 48 49 50 51 52 53
        on right: 42 46 47 48 49 50
    ExpOrEmpty <ast> (67)
        on left: 54 55
        on right: 44 53
    CondOrEmpty <ast> (68)
        on left: 56 57
        on right: 50
    ForStmt <ast> (69)
        on left: 58 59
        on right: 50 58
    Exp <ast> (70)
        on left: 60
        on right: 26 43 54 58 59 63 65 77 78
    Cond <ast> (71)
        on left: 61
        on right: 46 47 48 49 56
    LVal <ast> (72)
        on left: 62
        on right: 43 58 59 66
    ExpList <ast> (73)
        on left: 63 64
        on right: 62 63
    PrimaryExp <ast> (74)
        on left: 65 66 67 68
        on right: 69
    UnaryExp <ast> (75)
        on left: 69 70 71 72 73 74 75 76
        on right: 72 73 74 75 76 79 80 81 82
    FuncRParams <list> (76)
        on left: 77 78
        on right: 70 77
    MulExp <ast> (77)
        on left: 79 80 81 82
        on right: 80 81 82 83 84 85
    AddExp <ast> (78)
        on left: 83 84 85
        on right: 60 84 85 86 87 88 89 90 98
    RelExp <ast> (79)
        on left: 86 87 88 89 90
        on right: 87 88 89 90 91 92 93
    EqExp <ast> (80)
        on left: 91 92 93
        on right: 92 93 94 95
    LAndExp <ast> (81)
        on left: 94 95
        on right: 95 96 97
    LOrExp <ast> (82)
        on left: 96 97
        on right: 61 97
    ConstExp <ast> (83)
        on left: 98
        on right: 14 16


State 0

    0 $accept: • CompUnit $end
    1 CompUnit: • CompUnit Decl
    2         | • CompUnit FuncDef
    3         | • Decl
    4         | • FuncDef
    5 Decl: • ConstDecl
    6     | • VarDecl
    7 ConstDecl: • CONST BType ConstDefList ';'
   10 BType: • INT
   11      | • FLOAT
   12      | • VOID
   21 VarDecl: • BType VarDefList ';'
   31 FuncDef: • BType IDENTIFIER '(' FuncFParams ')' Block
   32        | • BType IDENTIFIER '(' ')' Block

    CONST  shift, and go to state 1
    INT    shift, and go to state 2
    FLOAT  shift, and go to state 3
    VOID   shift, and go to state 4

    CompUnit   go to state 5
    Decl       go to state 6
    ConstDecl  go to state 7
    BType      go to state 8
    VarDecl    go to state 9
    FuncDef    go to state 10


State 1

    7 ConstDecl: CONST • BType ConstDefList ';'
   10 BType: • INT
   11      | • FLOAT
   12      | • VOID

    INT    shift, and go to state 2
    FLOAT  shift, and go to state 3
    VOID   shift, and go to state 4

    BType  go to state 11


State 2

   10 BType: INT •

    $default  reduce using rule 10 (BType)


State 3

   11 BType: FLOAT •

    $default  reduce using rule 11 (BType)


State 4

   12 BType: VOID •

    $default  reduce using rule 12 (BType)


State 5

    0 $accept: CompUnit • $end
    1 CompUnit: CompUnit • Decl
    2         | CompUnit • FuncDef
    5 Decl: • ConstDecl
    6     | • VarDecl
    7 ConstDecl: • CONST BType ConstDefList ';'
   10 BType: • INT
   11      | • FLOAT
   12      | • VOID
   21 VarDecl: • BType VarDefList ';'
   31 FuncDef: • BType IDENTIFIER '(' FuncFParams ')' Block
   32        | • BType IDENTIFIER '(' ')' Block

    $end   shift, and go to state 12
    CONST  shift, and go to state 1
    INT    shift, and go to state 2
    FLOAT  shift, and go to state 3
    VOID   shift, and go to state 4

    Decl       go to state 13
    ConstDecl  go to state 7
    BType      go to state 8
    VarDecl    go to state 9
    FuncDef    go to state 14


State 6

    3 CompUnit: Decl •

    $default  reduce using rule 3 (CompUnit)


State 7

    5 Decl: ConstDecl •

    $default  reduce using rule 5 (Decl)


State 8

   21 VarDecl: BType • VarDefList ';'
   22 VarDefList: • VarDefList ',' VarDef
   23           | • VarDef
   24 VarDef: • IDENTIFIER ConstExpList
   25       | • IDENTIFIER ConstExpList '=' InitVal
   31 FuncDef: BType • IDENTIFIER '(' FuncFParams ')' Block
   32        | BType • IDENTIFIER '(' ')' Block

    IDENTIFIER  shift, and go to state 15

    VarDefList  go to state 16
    VarDef      go to state 17


State 9

    6 Decl: VarDecl •

    $default  reduce using rule 6 (Decl)


State 10

    4 CompUnit: FuncDef •

    $default  reduce using rule 4 (CompUnit)


State 11

    7 ConstDecl: CONST BType • ConstDefList ';'
    8 ConstDefList: • ConstDefList ',' ConstDef
    9             | • ConstDef
   13 ConstDef: • IDENTIFIER ConstExpList '=' ConstInitVal

    IDENTIFIER  shift, and go to state 18

    ConstDefList  go to state 19
    ConstDef      go to state 20


State 12

    0 $accept: CompUnit $end •

    $default  accept


State 13

    1 CompUnit: CompUnit Decl •

    $default  reduce using rule 1 (CompUnit)


State 14

    2 CompUnit: CompUnit FuncDef •

    $default  reduce using rule 2 (CompUnit)


State 15

   14 ConstExpList: • ConstExpList '[' ConstExp ']'
   15             | ε •  [';', ',', '=', '[']
   24 VarDef: IDENTIFIER • ConstExpList
   25       | IDENTIFIER • ConstExpList '=' InitVal
   31 FuncDef: BType IDENTIFIER • '(' FuncFParams ')' Block
   32        | BType IDENTIFIER • '(' ')' Block

    '('  shift, and go to state 21

    $default  reduce using rule 15 (ConstExpList)

    ConstExpList  go to state 22


State 16

   21 VarDecl: BType VarDefList • ';'
   22 VarDefList: VarDefList • ',' VarDef

    ';'  shift, and go to state 23
    ','  shift, and go to state 24


State 17

   23 VarDefList: VarDef •

    $default  reduce using rule 23 (VarDefList)


State 18

   13 ConstDef: IDENTIFIER • ConstExpList '=' ConstInitVal
   14 ConstExpList: • ConstExpList '[' ConstExp ']'
   15             | ε •

    $default  reduce using rule 15 (ConstExpList)

    ConstExpList  go to state 25


State 19

    7 ConstDecl: CONST BType ConstDefList • ';'
    8 ConstDefList: ConstDefList • ',' ConstDef

    ';'  shift, and go to state 26
    ','  shift, and go to state 27


State 20

    9 ConstDefList: ConstDef •

    $default  reduce using rule 9 (ConstDefList)


State 21

   10 BType: • INT
   11      | • FLOAT
   12      | • VOID
   31 FuncDef: BType IDENTIFIER '(' • FuncFParams ')' Block
   32        | BType IDENTIFIER '(' • ')' Block
   33 FuncFParams: • FuncFParams ',' FuncFParam
   34            | • FuncFParam
   35 FuncFParam: • BType IDENTIFIER
   36           | • BType IDENTIFIER '[' ']' ConstExpList

    INT    shift, and go to state 2
    FLOAT  shift, and go to state 3
    VOID   shift, and go to state 4
    ')'    shift, and go to state 28

    BType        go to state 29
    FuncFParams  go to state 30
    FuncFParam   go to state 31


State 22

   14 ConstExpList: ConstExpList • '[' ConstExp ']'
   24 VarDef: IDENTIFIER ConstExpList •  [';', ',']
   25       | IDENTIFIER ConstExpList • '=' InitVal

    '='  shift, and go to state 32
    '['  shift, and go to state 33

    $default  reduce using rule 24 (VarDef)


State 23

   21 VarDecl: BType VarDefList ';' •

    $default  reduce using rule 21 (VarDecl)


State 24

   22 VarDefList: VarDefList ',' • VarDef
   24 VarDef: • IDENTIFIER ConstExpList
   25       | • IDENTIFIER ConstExpList '=' InitVal

    IDENTIFIER  shift, and go to state 34

    VarDef  go to state 35


State 25

   13 ConstDef: IDENTIFIER ConstExpList • '=' ConstInitVal
   14 ConstExpList: ConstExpList • '[' ConstExp ']'

    '='  shift, and go to state 36
    '['  shift, and go to state 33


State 26

    7 ConstDecl: CONST BType ConstDefList ';' •

    $default  reduce using rule 7 (ConstDecl)


State 27

    8 ConstDefList: ConstDefList ',' • ConstDef
   13 ConstDef: • IDENTIFIER ConstExpList '=' ConstInitVal

    IDENTIFIER  shift, and go to state 18

    ConstDef  go to state 37


State 28

   32 FuncDef: BType IDENTIFIER '(' ')' • Block
   37 Block: • '{' BlockItemList '}'
   38      | • '{' '}'

    '{'  shift, and go to state 38

    Block  go to state 39


State 29

   35 FuncFParam: BType • IDENTIFIER
   36           | BType • IDENTIFIER '[' ']' ConstExpList

    IDENTIFIER  shift, and go to state 40


State 30

   31 FuncDef: BType IDENTIFIER '(' FuncFParams • ')' Block
   33 FuncFParams: FuncFParams • ',' FuncFParam

    ','  shift, and go to state 41
    ')'  shift, and go to state 42


State 31

   34 FuncFParams: FuncFParam •

    $default  reduce using rule 34 (FuncFParams)


State 32

   25 VarDef: IDENTIFIER ConstExpList '=' • InitVal
   26 InitVal: • Exp
   27        | • '{' InitValList '}'
   28        | • '{' '}'
   60 Exp: • AddExp
   62 LVal: • IDENTIFIER ExpList
   65 PrimaryExp: • '(' Exp ')'
   66           | • LVal
   67           | • INT_CONST
   68           | • FLOAT_CONST
   69 UnaryExp: • PrimaryExp
   70         | • IDENTIFIER '(' FuncRParams ')'
   71         | • IDENTIFIER '(' ')'
   72         | • INC_OP UnaryExp
   73         | • DEC_OP UnaryExp
   74         | • '+' UnaryExp
   75         | • '-' UnaryExp
   76         | • '!' UnaryExp
   79 MulExp: • UnaryExp
   80       | • MulExp '*' UnaryExp
   81       | • MulExp '/' UnaryExp
   82       | • MulExp '%' UnaryExp
   83 AddExp: • MulExp
   84       | • AddExp '+' MulExp
   85       | • AddExp '-' MulExp

    IDENTIFIER   shift, and go to state 43
    INT_CONST    shift, and go to state 44
    FLOAT_CONST  shift, and go to state 45
    INC_OP       shift, and go to state 46
    DEC_OP       shift, and go to state 47
    '{'          shift, and go to state 48
    '('          shift, and go to state 49
    '+'          shift, and go to state 50
    '-'          shift, and go to state 51
    '!'          shift, and go to state 52

    InitVal     go to state 53
    Exp         go to state 54
    LVal        go to state 55
    PrimaryExp  go to state 56
    UnaryExp    go to state 57
    MulExp      go to state 58
    AddExp      go to state 59


State 33

   14 ConstExpList: ConstExpList '[' • ConstExp ']'
   62 LVal: • IDENTIFIER ExpList
   65 PrimaryExp: • '(' Exp ')'
   66           | • LVal
   67           | • INT_CONST
   68           | • FLOAT_CONST
   69 UnaryExp: • PrimaryExp
   70         | • IDENTIFIER '(' FuncRParams ')'
   71         | • IDENTIFIER '(' ')'
   72         | • INC_OP UnaryExp
   73         | • DEC_OP UnaryExp
   74         | • '+' UnaryExp
   75         | • '-' UnaryExp
   76         | • '!' UnaryExp
   79 MulExp: • UnaryExp
   80       | • MulExp '*' UnaryExp
   81       | • MulExp '/' UnaryExp
   82       | • MulExp '%' UnaryExp
   83 AddExp: • MulExp
   84       | • AddExp '+' MulExp
   85       | • AddExp '-' MulExp
   98 ConstExp: • AddExp

    IDENTIFIER   shift, and go to state 43
    INT_CONST    shift, and go to state 44
    FLOAT_CONST  shift, and go to state 45
    INC_OP       shift, and go to state 46
    DEC_OP       shift, and go to state 47
    '('          shift, and go to state 49
    '+'          shift, and go to state 50
    '-'          shift, and go to state 51
    '!'          shift, and go to state 52

    LVal        go to state 55
    PrimaryExp  go to state 56
    UnaryExp    go to state 57
    MulExp      go to state 58
    AddExp      go to state 60
    ConstExp    go to state 61


State 34

   14 ConstExpList: • ConstExpList '[' ConstExp ']'
   15             | ε •
   24 VarDef: IDENTIFIER • ConstExpList
   25       | IDENTIFIER • ConstExpList '=' InitVal

    $default  reduce using rule 15 (ConstExpList)

    ConstExpList  go to state 22


State 35

   22 VarDefList: VarDefList ',' VarDef •

    $default  reduce using rule 22 (VarDefList)


State 36

   13 ConstDef: IDENTIFIER ConstExpList '=' • ConstInitVal
   16 ConstInitVal: • ConstExp
   17             | • '{' ConstInitValList '}'
   18             | • '{' '}'
   62 LVal: • IDENTIFIER ExpList
   65 PrimaryExp: • '(' Exp ')'
   66           | • LVal
   67           | • INT_CONST
   68           | • FLOAT_CONST
   69 UnaryExp: • PrimaryExp
   70         | • IDENTIFIER '(' FuncRParams ')'
   71         | • IDENTIFIER '(' ')'
   72         | • INC_OP UnaryExp
   73         | • DEC_OP UnaryExp
   74         | • '+' UnaryExp
   75         | • '-' UnaryExp
   76         | • '!' UnaryExp
   79 MulExp: • UnaryExp
   80       | • MulExp '*' UnaryExp
   81       | • MulExp '/' UnaryExp
   82       | • MulExp '%' UnaryExp
   83 AddExp: • MulExp
   84       | • AddExp '+' MulExp
   85       | • AddExp '-' MulExp
   98 ConstExp: • AddExp

    IDENTIFIER   shift, and go to state 43
    INT_CONST    shift, and go to state 44
    FLOAT_CONST  shift, and go to state 45
    INC_OP       shift, and go to state 46
    DEC_OP       shift, and go to state 47
    '{'          shift, and go to state 62
    '('          shift, and go to state 49
    '+'          shift, and go to state 50
    '-'          shift, and go to state 51
    '!'          shift, and go to state 52

    ConstInitVal  go to state 63
    LVal          go to state 55
    PrimaryExp    go to state 56
    UnaryExp      go to state 57
    MulExp        go to state 58
    AddExp        go to state 60
    ConstExp      go to state 64


State 37

    8 ConstDefList: ConstDefList ',' ConstDef •

    $default  reduce using rule 8 (ConstDefList)


State 38

    5 Decl: • ConstDecl
    6     | • VarDecl
    7 ConstDecl: • CONST BType ConstDefList ';'
   10 BType: • INT
   11      | • FLOAT
   12      | • VOID
   21 VarDecl: • BType VarDefList ';'
   37 Block: • '{' BlockItemList '}'
   37      | '{' • BlockItemList '}'
   38      | • '{' '}'
   38      | '{' • '}'
   39 BlockItemList: • BlockItemList BlockItem
   40              | • BlockItem
   41 BlockItem: • Decl
   42          | • Stmt
   43 Stmt: • LVal '=' Exp ';'
   44     | • ExpOrEmpty ';'
   45     | • Block
   46     | • IF '(' Cond ')' Stmt
   47     | • IF '(' Cond ')' Stmt ELSE Stmt
   48     | • WHILE '(' Cond ')' Stmt
   49     | • DO Stmt WHILE '(' Cond ')' ';'
   50     | • FOR '(' ForStmt ';' CondOrEmpty ';' ForStmt ')' Stmt
   51     | • BREAK ';'
   52     | • CONTINUE ';'
   53     | • RETURN ExpOrEmpty ';'
   54 ExpOrEmpty: • Exp
   55           | ε •  [';']
   60 Exp: • AddExp
   62 LVal: • IDENTIFIER ExpList
   65 PrimaryExp: • '(' Exp ')'
   66           | • LVal
   67           | • INT_CONST
   68           | • FLOAT_CONST
   69 UnaryExp: • PrimaryExp
   70         | • IDENTIFIER '(' FuncRParams ')'
   71         | • IDENTIFIER '(' ')'
   72         | • INC_OP UnaryExp
   73         | • DEC_OP UnaryExp
   74         | • '+' UnaryExp
   75         | • '-' UnaryExp
   76         | • '!' UnaryExp
   79 MulExp: • UnaryExp
   80       | • MulExp '*' UnaryExp
   81       | • MulExp '/' UnaryExp
   82       | • MulExp '%' UnaryExp
   83 AddExp: • MulExp
   84       | • AddExp '+' MulExp
   85       | • AddExp '-' MulExp

    IDENTIFIER   shift, and go to state 43
    INT_CONST    shift, and go to state 44
    FLOAT_CONST  shift, and go to state 45
    CONST        shift, and go to state 1
    INT          shift, and go to state 2
    FLOAT        shift, and go to state 3
    VOID         shift, and go to state 4
    IF           shift, and go to state 65
    WHILE        shift, and go to state 66
    DO           shift, and go to state 67
    FOR          shift, and go to state 68
    BREAK        shift, and go to state 69
    CONTINUE     shift, and go to state 70
    RETURN       shift, and go to state 71
    INC_OP       shift, and go to state 46
    DEC_OP       shift, and go to state 47
    '{'          shift, and go to state 38
    '}'          shift, and go to state 72
    '('          shift, and go to state 49
    '+'          shift, and go to state 50
    '-'          shift, and go to state 51
    '!'          shift, and go to state 52

    $default  reduce using rule 55 (ExpOrEmpty)

    Decl           go to state 73
    ConstDecl      go to state 7
    BType          go to state 74
    VarDecl        go to state 9
    Block          go to state 75
    BlockItemList  go to state 76
    BlockItem      go to state 77
    Stmt           go to state 78
    ExpOrEmpty     go to state 79
    Exp            go to state 80
    LVal           go to state 81
    PrimaryExp     go to state 56
    UnaryExp       go to state 57
    MulExp         go to state 58
    AddExp         go to state 59


State 39

   32 FuncDef: BType IDENTIFIER '(' ')' Block •

    $default  reduce using rule 32 (FuncDef)


State 40

   35 FuncFParam: BType IDENTIFIER •  [',', ')']
   36           | BType IDENTIFIER • '[' ']' ConstExpList

    '['  shift, and go to state 82

    $default  reduce using rule 35 (FuncFParam)


State 41

   10 BType: • INT
   11      | • FLOAT
   12      | • VOID
   33 FuncFParams: FuncFParams ',' • FuncFParam
   35 FuncFParam: • BType IDENTIFIER
   36           | • BType IDENTIFIER '[' ']' ConstExpList

    INT    shift, and go to state 2
    FLOAT  shift, and go to state 3
    VOID   shift, and go to state 4

    BType       go to state 29
    FuncFParam  go to state 83


State 42

   31 FuncDef: BType IDENTIFIER '(' FuncFParams ')' • Block
   37 Block: • '{' BlockItemList '}'
   38      | • '{' '}'

    '{'  shift, and go to state 38

    Block  go to state 84


State 43

   62 LVal: IDENTIFIER • ExpList
   63 ExpList: • ExpList '[' Exp ']'
   64        | ε •  [LE_OP, GE_OP, EQ_OP, NE_OP, AND_OP, OR_OP, ';', ',', '=', '[', ']', '}', ')', '+', '-', '*', '/', '%', '<', '>']
   70 UnaryExp: IDENTIFIER • '(' FuncRParams ')'
   71         | IDENTIFIER • '(' ')'

    '('  shift, and go to state 85

    $default  reduce using rule 64 (ExpList)

    ExpList  go to state 86


State 44

   67 PrimaryExp: INT_CONST •

    $default  reduce using rule 67 (PrimaryExp)


State 45

   68 PrimaryExp: FLOAT_CONST •

    $default  reduce using rule 68 (PrimaryExp)


State 46

   62 LVal: • IDENTIFIER ExpList
   65 PrimaryExp: • '(' Exp ')'
   66           | • LVal
   67           | • INT_CONST
   68           | • FLOAT_CONST
   69 UnaryExp: • PrimaryExp
   70         | • IDENTIFIER '(' FuncRParams ')'
   71         | • IDENTIFIER '(' ')'
   72         | • INC_OP UnaryExp
   72         | INC_OP • UnaryExp
   73         | • DEC_OP UnaryExp
   74         | • '+' UnaryExp
   75         | • '-' UnaryExp
   76         | • '!' UnaryExp

    IDENTIFIER   shift, and go to state 43
    INT_CONST    shift, and go to state 44
    FLOAT_CONST  shift, and go to state 45
    INC_OP       shift, and go to state 46
    DEC_OP       shift, and go to state 47
    '('          shift, and go to state 49
    '+'          shift, and go to state 50
    '-'          shift, and go to state 51
    '!'          shift, and go to state 52

    LVal        go to state 55
    PrimaryExp  go to state 56
    UnaryExp    go to state 87


State 47

   62 LVal: • IDENTIFIER ExpList
   65 PrimaryExp: • '(' Exp ')'
   66           | • LVal
   67           | • INT_CONST
   68           | • FLOAT_CONST
   69 UnaryExp: • PrimaryExp
   70         | • IDENTIFIER '(' FuncRParams ')'
   71         | • IDENTIFIER '(' ')'
   72         | • INC_OP UnaryExp
   73         | • DEC_OP UnaryExp
   73         | DEC_OP • UnaryExp
   74         | • '+' UnaryExp
   75         | • '-' UnaryExp
   76         | • '!' UnaryExp

    IDENTIFIER   shift, and go to state 43
    INT_CONST    shift, and go to state 44
    FLOAT_CONST  shift, and go to state 45
    INC_OP       shift, and go to state 46
    DEC_OP       shift, and go to state 47
    '('          shift, and go to state 49
    '+'          shift, and go to state 50
    '-'          shift, and go to state 51
    '!'          shift, and go to state 52

    LVal        go to state 55
    PrimaryExp  go to state 56
    UnaryExp    go to state 88


State 48

   26 InitVal: • Exp
   27        | • '{' InitValList '}'
   27        | '{' • InitValList '}'
   28        | • '{' '}'
   28        | '{' • '}'
   29 InitValList: • InitValList ',' InitVal
   30            | • InitVal
   60 Exp: • AddExp
   62 LVal: • IDENTIFIER ExpList
   65 PrimaryExp: • '(' Exp ')'
   66           | • LVal
   67           | • INT_CONST
   68           | • FLOAT_CONST
   69 UnaryExp: • PrimaryExp
   70         | • IDENTIFIER '(' FuncRParams ')'
   71         | • IDENTIFIER '(' ')'
   72         | • INC_OP UnaryExp
   73         | • DEC_OP UnaryExp
   74         | • '+' UnaryExp
   75         | • '-' UnaryExp
   76         | • '!' UnaryExp
   79 MulExp: • UnaryExp
   80       | • MulExp '*' UnaryExp
   81       | • MulExp '/' UnaryExp
   82       | • MulExp '%' UnaryExp
   83 AddExp: • MulExp
   84       | • AddExp '+' MulExp
   85       | • AddExp '-' MulExp

    IDENTIFIER   shift, and go to state 43
    INT_CONST    shift, and go to state 44
    FLOAT_CONST  shift, and go to state 45
    INC_OP       shift, and go to state 46
    DEC_OP       shift, and go to state 47
    '{'          shift, and go to state 48
    '}'          shift, and go to state 89
    '('          shift, and go to state 49
    '+'          shift, and go to state 50
    '-'          shift, and go to state 51
    '!'          shift, and go to state 52

    InitVal      go to state 90
    InitValList  go to state 91
    Exp          go to state 54
    LVal         go to state 55
    PrimaryExp   go to state 56
    UnaryExp     go to state 57
    MulExp       go to state 58
    AddExp       go to state 59


State 49

   60 Exp: • AddExp
   62 LVal: • IDENTIFIER ExpList
   65 PrimaryExp: • '(' Exp ')'
   65           | '(' • Exp ')'
   66           | • LVal
   67           | • INT_CONST
   68           | • FLOAT_CONST
   69 UnaryExp: • PrimaryExp
   70         | • IDENTIFIER '(' FuncRParams ')'
   71         | • IDENTIFIER '(' ')'
   72         | • INC_OP UnaryExp
   73         | • DEC_OP UnaryExp
   74         | • '+' UnaryExp
   75         | • '-' UnaryExp
   76         | • '!' UnaryExp
   79 MulExp: • UnaryExp
   80       | • MulExp '*' UnaryExp
   81       | • MulExp '/' UnaryExp
   82       | • MulExp '%' UnaryExp
   83 AddExp: • MulExp
   84       | • AddExp '+' MulExp
   85       | • AddExp '-' MulExp

    IDENTIFIER   shift, and go to state 43
    INT_CONST    shift, and go to state 44
    FLOAT_CONST  shift, and go to state 45
    INC_OP       shift, and go to state 46
    DEC_OP       shift, and go to state 47
    '('          shift, and go to state 49
    '+'          shift, and go to state 50
    '-'          shift, and go to state 51
    '!'          shift, and go to state 52

    Exp         go to state 92
    LVal        go to state 55
    PrimaryExp  go to state 56
    UnaryExp    go to state 57
    MulExp      go to state 58
    AddExp      go to state 59


State 50

   62 LVal: • IDENTIFIER ExpList
   65 PrimaryExp: • '(' Exp ')'
   66           | • LVal
   67           | • INT_CONST
   68           | • FLOAT_CONST
   69 UnaryExp: • PrimaryExp
   70         | • IDENTIFIER '(' FuncRParams ')'
   71         | • IDENTIFIER '(' ')'
   72         | • INC_OP UnaryExp
   73         | • DEC_OP UnaryExp
   74         | • '+' UnaryExp
   74         | '+' • UnaryExp
   75         | • '-' UnaryExp
   76         | • '!' UnaryExp

    IDENTIFIER   shift, and go to state 43
    INT_CONST    shift, and go to state 44
    FLOAT_CONST  shift, and go to state 45
    INC_OP       shift, and go to state 46
    DEC_OP       shift, and go to state 47
    '('          shift, and go to state 49
    '+'          shift, and go to state 50
    '-'          shift, and go to state 51
    '!'          shift, and go to state 52

    LVal        go to state 55
    PrimaryExp  go to state 56
    UnaryExp    go to state 93


State 51

   62 LVal: • IDENTIFIER ExpList
   65 PrimaryExp: • '(' Exp ')'
   66           | • LVal
   67           | • INT_CONST
   68           | • FLOAT_CONST
   69 UnaryExp: • PrimaryExp
   70         | • IDENTIFIER '(' FuncRParams ')'
   71         | • IDENTIFIER '(' ')'
   72         | • INC_OP UnaryExp
   73         | • DEC_OP UnaryExp
   74         | • '+' UnaryExp
   75         | • '-' UnaryExp
   75         | '-' • UnaryExp
   76         | • '!' UnaryExp

    IDENTIFIER   shift, and go to state 43
    INT_CONST    shift, and go to state 44
    FLOAT_CONST  shift, and go to state 45
    INC_OP       shift, and go to state 46
    DEC_OP       shift, and go to state 47
    '('          shift, and go to state 49
    '+'          shift, and go to state 50
    '-'          shift, and go to state 51
    '!'          shift, and go to state 52

    LVal        go to state 55
    PrimaryExp  go to state 56
    UnaryExp    go to state 94


State 52

   62 LVal: • IDENTIFIER ExpList
   65 PrimaryExp: • '(' Exp ')'
   66           | • LVal
   67           | • INT_CONST
   68           | • FLOAT_CONST
   69 UnaryExp: • PrimaryExp
   70         | • IDENTIFIER '(' FuncRParams ')'
   71         | • IDENTIFIER '(' ')'
   72         | • INC_OP UnaryExp
   73         | • DEC_OP UnaryExp
   74         | • '+' UnaryExp
   75         | • '-' UnaryExp
   76         | • '!' UnaryExp
   76         | '!' • UnaryExp

    IDENTIFIER   shift, and go to state 43
    INT_CONST    shift, and go to state 44
    FLOAT_CONST  shift, and go to state 45
    INC_OP       shift, and go to state 46
    DEC_OP       shift, and go to state 47
    '('          shift, and go to state 49
    '+'          shift, and go to state 50
    '-'          shift, and go to state 51
    '!'          shift, and go to state 52

    LVal        go to state 55
    PrimaryExp  go to state 56
    UnaryExp    go to state 95


State 53

   25 VarDef: IDENTIFIER ConstExpList '=' InitVal •

    $default  reduce using rule 25 (VarDef)


State 54

   26 InitVal: Exp •

    $default  reduce using rule 26 (InitVal)


State 55

   66 PrimaryExp: LVal •

    $default  reduce using rule 66 (PrimaryExp)


State 56

   69 UnaryExp: PrimaryExp •

    $default  reduce using rule 69 (UnaryExp)


State 57

   79 MulExp: UnaryExp •

    $default  reduce using rule 79 (MulExp)


State 58

   80 MulExp: MulExp • '*' UnaryExp
   81       | MulExp • '/' UnaryExp
   82       | MulExp • '%' UnaryExp
   83 AddExp: MulExp •  [LE_OP, GE_OP, EQ_OP, NE_OP, AND_OP, OR_OP, ';', ',', ']', '}', ')', '+', '-', '<', '>']

    '*'  shift, and go to state 96
    '/'  shift, and go to state 97
    '%'  shift, and go to state 98

    $default  reduce using rule 83 (AddExp)


State 59

   60 Exp: AddExp •  [';', ',', ']', '}', ')']
   84 AddExp: AddExp • '+' MulExp
   85       | AddExp • '-' MulExp

    '+'  shift, and go to state 99
    '-'  shift, and go to state 100

    $default  reduce using rule 60 (Exp)


State 60

   84 AddExp: AddExp • '+' MulExp
   85       | AddExp • '-' MulExp
   98 ConstExp: AddExp •  [';', ',', ']', '}']

    '+'  shift, and go to state 99
    '-'  shift, and go to state 100

    $default  reduce using rule 98 (ConstExp)


State 61

   14 ConstExpList: ConstExpList '[' ConstExp • ']'

    ']'  shift, and go to state 101


State 62

   16 ConstInitVal: • ConstExp
   17             | • '{' ConstInitValList '}'
   17             | '{' • ConstInitValList '}'
   18             | • '{' '}'
   18             | '{' • '}'
   19 ConstInitValList: • ConstInitValList ',' ConstInitVal
   20                 | • ConstInitVal
   62 LVal: • IDENTIFIER ExpList
   65 PrimaryExp: • '(' Exp ')'
   66           | • LVal
   67           | • INT_CONST
   68           | • FLOAT_CONST
   69 UnaryExp: • PrimaryExp
   70         | • IDENTIFIER '(' FuncRParams ')'
   71         | • IDENTIFIER '(' ')'
   72         | • INC_OP UnaryExp
   73         | • DEC_OP UnaryExp
   74         | • '+' UnaryExp
   75         | • '-' UnaryExp
   76         | • '!' UnaryExp
   79 MulExp: • UnaryExp
   80       | • MulExp '*' UnaryExp
   81       | • MulExp '/' UnaryExp
   82       | • MulExp '%' UnaryExp
   83 AddExp: • MulExp
   84       | • AddExp '+' MulExp
   85       | • AddExp '-' MulExp
   98 ConstExp: • AddExp

    IDENTIFIER   shift, and go to state 43
    INT_CONST    shift, and go to state 44
    FLOAT_CONST  shift, and go to state 45
    INC_OP       shift, and go to state 46
    DEC_OP       shift, and go to state 47
    '{'          shift, and go to state 62
    '}'          shift, and go to state 102
    '('          shift, and go to state 49
    '+'          shift, and go to state 50
    '-'          shift, and go to state 51
    '!'          shift, and go to state 52

    ConstInitVal      go to state 103
    ConstInitValList  go to state 104
    LVal              go to state 55
    PrimaryExp        go to state 56
    UnaryExp          go to state 57
    MulExp            go to state 58
    AddExp            go to state 60
    ConstExp          go to state 64


State 63

   13 ConstDef: IDENTIFIER ConstExpList '=' ConstInitVal •

    $default  reduce using rule 13 (ConstDef)


State 64

   16 ConstInitVal: ConstExp •

    $default  reduce using rule 16 (ConstInitVal)


State 65

   46 Stmt: IF • '(' Cond ')' Stmt
   47     | IF • '(' Cond ')' Stmt ELSE Stmt

    '('  shift, and go to state 105


State 66

   48 Stmt: WHILE • '(' Cond ')' Stmt

    '('  shift, and go to state 106


State 67

   37 Block: • '{' BlockItemList '}'
   38      | • '{' '}'
   43 Stmt: • LVal '=' Exp ';'
   44     | • ExpOrEmpty ';'
   45     | • Block
   46     | • IF '(' Cond ')' Stmt
   47     | • IF '(' Cond ')' Stmt ELSE Stmt
   48     | • WHILE '(' Cond ')' Stmt
   49     | • DO Stmt WHILE '(' Cond ')' ';'
   49     | DO • Stmt WHILE '(' Cond ')' ';'
   50     | • FOR '(' ForStmt ';' CondOrEmpty ';' ForStmt ')' Stmt
   51     | • BREAK ';'
   52     | • CONTINUE ';'
   53     | • RETURN ExpOrEmpty ';'
   54 ExpOrEmpty: • Exp
   55           | ε •  [';']
   60 Exp: • AddExp
   62 LVal: • IDENTIFIER ExpList
   65 PrimaryExp: • '(' Exp ')'
   66           | • LVal
   67           | • INT_CONST
   68           | • FLOAT_CONST
   69 UnaryExp: • PrimaryExp
   70         | • IDENTIFIER '(' FuncRParams ')'
   71         | • IDENTIFIER '(' ')'
   72         | • INC_OP UnaryExp
   73         | • DEC_OP UnaryExp
   74         | • '+' UnaryExp
   75         | • '-' UnaryExp
   76         | • '!' UnaryExp
   79 MulExp: • UnaryExp
   80       | • MulExp '*' UnaryExp
   81       | • MulExp '/' UnaryExp
   82       | • MulExp '%' UnaryExp
   83 AddExp: • MulExp
   84       | • AddExp '+' MulExp
   85       | • AddExp '-' MulExp

    IDENTIFIER   shift, and go to state 43
    INT_CONST    shift, and go to state 44
    FLOAT_CONST  shift, and go to state 45
    IF           shift, and go to state 65
    WHILE        shift, and go to state 66
    DO           shift, and go to state 67
    FOR          shift, and go to state 68
    BREAK        shift, and go to state 69
    CONTINUE     shift, and go to state 70
    RETURN       shift, and go to state 71
    INC_OP       shift, and go to state 46
    DEC_OP       shift, and go to state 47
    '{'          shift, and go to state 38
    '('          shift, and go to state 49
    '+'          shift, and go to state 50
    '-'          shift, and go to state 51
    '!'          shift, and go to state 52

    $default  reduce using rule 55 (ExpOrEmpty)

    Block       go to state 75
    Stmt        go to state 107
    ExpOrEmpty  go to state 79
    Exp         go to state 80
    LVal        go to state 81
    PrimaryExp  go to state 56
    UnaryExp    go to state 57
    MulExp      go to state 58
    AddExp      go to state 59


State 68

   50 Stmt: FOR • '(' ForStmt ';' CondOrEmpty ';' ForStmt ')' Stmt

    '('  shift, and go to state 108


State 69

   51 Stmt: BREAK • ';'

    ';'  shift, and go to state 109


State 70

   52 Stmt: CONTINUE • ';'

    ';'  shift, and go to state 110


State 71

   53 Stmt: RETURN • ExpOrEmpty ';'
   54 ExpOrEmpty: • Exp
   55           | ε •  [';']
   60 Exp: • AddExp
   62 LVal: • IDENTIFIER ExpList
   65 PrimaryExp: • '(' Exp ')'
   66           | • LVal
   67           | • INT_CONST
   68           | • FLOAT_CONST
   69 UnaryExp: • PrimaryExp
   70         | • IDENTIFIER '(' FuncRParams ')'
   71         | • IDENTIFIER '(' ')'
   72         | • INC_OP UnaryExp
   73         | • DEC_OP UnaryExp
   74         | • '+' UnaryExp
   75         | • '-' UnaryExp
   76         | • '!' UnaryExp
   79 MulExp: • UnaryExp
   80       | • MulExp '*' UnaryExp
   81       | • MulExp '/' UnaryExp
   82       | • MulExp '%' UnaryExp
   83 AddExp: • MulExp
   84       | • AddExp '+' MulExp
   85       | • AddExp '-' MulExp

    IDENTIFIER   shift, and go to state 43
    INT_CONST    shift, and go to state 44
    FLOAT_CONST  shift, and go to state 45
    INC_OP       shift, and go to state 46
    DEC_OP       shift, and go to state 47
    '('          shift, and go to state 49
    '+'          shift, and go to state 50
    '-'          shift, and go to state 51
    '!'          shift, and go to state 52

    $default  reduce using rule 55 (ExpOrEmpty)

    ExpOrEmpty  go to state 111
    Exp         go to state 80
    LVal        go to state 55
    PrimaryExp  go to state 56
    UnaryExp    go to state 57
    MulExp      go to state 58
    AddExp      go to state 59


State 72

   38 Block: '{' '}' •

    $default  reduce using rule 38 (Block)


State 73

   41 BlockItem: Decl •

    $default  reduce using rule 41 (BlockItem)


State 74

   21 VarDecl: BType • VarDefList ';'
   22 VarDefList: • VarDefList ',' VarDef
   23           | • VarDef
   24 VarDef: • IDENTIFIER ConstExpList
   25       | • IDENTIFIER ConstExpList '=' InitVal

    IDENTIFIER  shift, and go to state 34

    VarDefList  go to state 16
    VarDef      go to state 17


State 75

   45 Stmt: Block •

    $default  reduce using rule 45 (Stmt)


State 76

    5 Decl: • ConstDecl
    6     | • VarDecl
    7 ConstDecl: • CONST BType ConstDefList ';'
   10 BType: • INT
   11      | • FLOAT
   12      | • VOID
   21 VarDecl: • BType VarDefList ';'
   37 Block: • '{' BlockItemList '}'
   37      | '{' BlockItemList • '}'
   38      | • '{' '}'
   39 BlockItemList: BlockItemList • BlockItem
   41 BlockItem: • Decl
   42          | • Stmt
   43 Stmt: • LVal '=' Exp ';'
   44     | • ExpOrEmpty ';'
   45     | • Block
   46     | • IF '(' Cond ')' Stmt
   47     | • IF '(' Cond ')' Stmt ELSE Stmt
   48     | • WHILE '(' Cond ')' Stmt
   49     | • DO Stmt WHILE '(' Cond ')' ';'
   50     | • FOR '(' ForStmt ';' CondOrEmpty ';' ForStmt ')' Stmt
   51     | • BREAK ';'
   52     | • CONTINUE ';'
   53     | • RETURN ExpOrEmpty ';'
   54 ExpOrEmpty: • Exp
   55           | ε •  [';']
   60 Exp: • AddExp
   62 LVal: • IDENTIFIER ExpList
   65 PrimaryExp: • '(' Exp ')'
   66           | • LVal
   67           | • INT_CONST
   68           | • FLOAT_CONST
   69 UnaryExp: • PrimaryExp
   70         | • IDENTIFIER '(' FuncRParams ')'
   71         | • IDENTIFIER '(' ')'
   72         | • INC_OP UnaryExp
   73         | • DEC_OP UnaryExp
   74         | • '+' UnaryExp
   75         | • '-' UnaryExp
   76         | • '!' UnaryExp
   79 MulExp: • UnaryExp
   80       | • MulExp '*' UnaryExp
   81       | • MulExp '/' UnaryExp
   82       | • MulExp '%' UnaryExp
   83 AddExp: • MulExp
   84       | • AddExp '+' MulExp
   85       | • AddExp '-' MulExp

    IDENTIFIER   shift, and go to state 43
    INT_CONST    shift, and go to state 44
    FLOAT_CONST  shift, and go to state 45
    CONST        shift, and go to state 1
    INT          shift, and go to state 2
    FLOAT        shift, and go to state 3
    VOID         shift, and go to state 4
    IF           shift, and go to state 65
    WHILE        shift, and go to state 66
    DO           shift, and go to state 67
    FOR          shift, and go to state 68
    BREAK        shift, and go to state 69
    CONTINUE     shift, and go to state 70
    RETURN       shift, and go to state 71
    INC_OP       shift, and go to state 46
    DEC_OP       shift, and go to state 47
    '{'          shift, and go to state 38
    '}'          shift, and go to state 112
    '('          shift, and go to state 49
    '+'          shift, and go to state 50
    '-'          shift, and go to state 51
    '!'          shift, and go to state 52

    $default  reduce using rule 55 (ExpOrEmpty)

    Decl        go to state 73
    ConstDecl   go to state 7
    BType       go to state 74
    VarDecl     go to state 9
    Block       go to state 75
    BlockItem   go to state 113
    Stmt        go to state 78
    ExpOrEmpty  go to state 79
    Exp         go to state 80
    LVal        go to state 81
    PrimaryExp  go to state 56
    UnaryExp    go to state 57
    MulExp      go to state 58
    AddExp      go to state 59


State 77

   40 BlockItemList: BlockItem •

    $default  reduce using rule 40 (BlockItemList)


State 78

   42 BlockItem: Stmt •

    $default  reduce using rule 42 (BlockItem)


State 79

   44 Stmt: ExpOrEmpty • ';'

    ';'  shift, and go to state 114


State 80

   54 ExpOrEmpty: Exp •

    $default  reduce using rule 54 (ExpOrEmpty)


State 81

   43 Stmt: LVal • '=' Exp ';'
   66 PrimaryExp: LVal •  [';', '+', '-', '*', '/', '%']

    '='  shift, and go to state 115

    $default  reduce using rule 66 (PrimaryExp)


State 82

   36 FuncFParam: BType IDENTIFIER '[' • ']' ConstExpList

    ']'  shift, and go to state 116


State 83

   33 FuncFParams: FuncFParams ',' FuncFParam •

    $default  reduce using rule 33 (FuncFParams)


State 84

   31 FuncDef: BType IDENTIFIER '(' FuncFParams ')' Block •

    $default  reduce using rule 31 (FuncDef)


State 85

   60 Exp: • AddExp
   62 LVal: • IDENTIFIER ExpList
   65 PrimaryExp: • '(' Exp ')'
   66           | • LVal
   67           | • INT_CONST
   68           | • FLOAT_CONST
   69 UnaryExp: • PrimaryExp
   70         | • IDENTIFIER '(' FuncRParams ')'
   70         | IDENTIFIER '(' • FuncRParams ')'
   71         | • IDENTIFIER '(' ')'
   71         | IDENTIFIER '(' • ')'
   72         | • INC_OP UnaryExp
   73         | • DEC_OP UnaryExp
   74         | • '+' UnaryExp
   75         | • '-' UnaryExp
   76         | • '!' UnaryExp
   77 FuncRParams: • FuncRParams ',' Exp
   78            | • Exp
   79 MulExp: • UnaryExp
   80       | • MulExp '*' UnaryExp
   81       | • MulExp '/' UnaryExp
   82       | • MulExp '%' UnaryExp
   83 AddExp: • MulExp
   84       | • AddExp '+' MulExp
   85       | • AddExp '-' MulExp

    IDENTIFIER   shift, and go to state 43
    INT_CONST    shift, and go to state 44
    FLOAT_CONST  shift, and go to state 45
    INC_OP       shift, and go to state 46
    DEC_OP       shift, and go to state 47
    '('          shift, and go to state 49
    ')'          shift, and go to state 117
    '+'          shift, and go to state 50
    '-'          shift, and go to state 51
    '!'          shift, and go to state 52

    Exp          go to state 118
    LVal         go to state 55
    PrimaryExp   go to state 56
    UnaryExp     go to state 57
    FuncRParams  go to state 119
    MulExp       go to state 58
    AddExp       go to state 59


State 86

   62 LVal: IDENTIFIER ExpList •  [LE_OP, GE_OP, EQ_OP, NE_OP, AND_OP, OR_OP, ';', ',', '=', ']', '}', ')', '+', '-', '*', '/', '%', '<', '>']
   63 ExpList: ExpList • '[' Exp ']'

    '['  shift, and go to state 120

    $default  reduce using rule 62 (LVal)


State 87

   72 UnaryExp: INC_OP UnaryExp •

    $default  reduce using rule 72 (UnaryExp)


State 88

   73 UnaryExp: DEC_OP UnaryExp •

    $default  reduce using rule 73 (UnaryExp)


State 89

   28 InitVal: '{' '}' •

    $default  reduce using rule 28 (InitVal)


State 90

   30 InitValList: InitVal •

    $default  reduce using rule 30 (InitValList)


State 91

   27 InitVal: '{' InitValList • '}'
   29 InitValList: InitValList • ',' InitVal

    ','  shift, and go to state 121
    '}'  shift, and go to state 122


State 92

   65 PrimaryExp: '(' Exp • ')'

    ')'  shift, and go to state 123


State 93

   74 UnaryExp: '+' UnaryExp •

    $default  reduce using rule 74 (UnaryExp)


State 94

   75 UnaryExp: '-' UnaryExp •

    $default  reduce using rule 75 (UnaryExp)


State 95

   76 UnaryExp: '!' UnaryExp •

    $default  reduce using rule 76 (UnaryExp)


State 96

   62 LVal: • IDENTIFIER ExpList
   65 PrimaryExp: • '(' Exp ')'
   66           | • LVal
   67           | • INT_CONST
   68           | • FLOAT_CONST
   69 UnaryExp: • PrimaryExp
   70         | • IDENTIFIER '(' FuncRParams ')'
   71         | • IDENTIFIER '(' ')'
   72         | • INC_OP UnaryExp
   73         | • DEC_OP UnaryExp
   74         | • '+' UnaryExp
   75         | • '-' UnaryExp
   76         | • '!' UnaryExp
   80 MulExp: MulExp '*' • UnaryExp

    IDENTIFIER   shift, and go to state 43
    INT_CONST    shift, and go to state 44
    FLOAT_CONST  shift, and go to state 45
    INC_OP       shift, and go to state 46
    DEC_OP       shift, and go to state 47
    '('          shift, and go to state 49
    '+'          shift, and go to state 50
    '-'          shift, and go to state 51
    '!'          shift, and go to state 52

    LVal        go to state 55
    PrimaryExp  go to state 56
    UnaryExp    go to state 124


State 97

   62 LVal: • IDENTIFIER ExpList
   65 PrimaryExp: • '(' Exp ')'
   66           | • LVal
   67           | • INT_CONST
   68           | • FLOAT_CONST
   69 UnaryExp: • PrimaryExp
   70         | • IDENTIFIER '(' FuncRParams ')'
   71         | • IDENTIFIER '(' ')'
   72         | • INC_OP UnaryExp
   73         | • DEC_OP UnaryExp
   74         | • '+' UnaryExp
   75         | • '-' UnaryExp
   76         | • '!' UnaryExp
   81 MulExp: MulExp '/' • UnaryExp

    IDENTIFIER   shift, and go to state 43
    INT_CONST    shift, and go to state 44
    FLOAT_CONST  shift, and go to state 45
    INC_OP       shift, and go to state 46
    DEC_OP       shift, and go to state 47
    '('          shift, and go to state 49
    '+'          shift, and go to state 50
    '-'          shift, and go to state 51
    '!'          shift, and go to state 52

    LVal        go to state 55
    PrimaryExp  go to state 56
    UnaryExp    go to state 125


State 98

   62 LVal: • IDENTIFIER ExpList
   65 PrimaryExp: • '(' Exp ')'
   66           | • LVal
   67           | • INT_CONST
   68           | • FLOAT_CONST
   69 UnaryExp: • PrimaryExp
   70         | • IDENTIFIER '(' FuncRParams ')'
   71         | • IDENTIFIER '(' ')'
   72         | • INC_OP UnaryExp
   73         | • DEC_OP UnaryExp
   74         | • '+' UnaryExp
   75         | • '-' UnaryExp
   76         | • '!' UnaryExp
   82 MulExp: MulExp '%' • UnaryExp

    IDENTIFIER   shift, and go to state 43
    INT_CONST    shift, and go to state 44
    FLOAT_CONST  shift, and go to state 45
    INC_OP       shift, and go to state 46
    DEC_OP       shift, and go to state 47
    '('          shift, and go to state 49
    '+'          shift, and go to state 50
    '-'          shift, and go to state 51
    '!'          shift, and go to state 52

    LVal        go to state 55
    PrimaryExp  go to state 56
    UnaryExp    go to state 126


State 99

   62 LVal: • IDENTIFIER ExpList
   65 PrimaryExp: • '(' Exp ')'
   66           | • LVal
   67           | • INT_CONST
   68           | • FLOAT_CONST
   69 UnaryExp: • PrimaryExp
   70         | • IDENTIFIER '(' FuncRParams ')'
   71         | • IDENTIFIER '(' ')'
   72         | • INC_OP UnaryExp
   73         | • DEC_OP UnaryExp
   74         | • '+' UnaryExp
   75         | • '-' UnaryExp
   76         | • '!' UnaryExp
   79 MulExp: • UnaryExp
   80       | • MulExp '*' UnaryExp
   81       | • MulExp '/' UnaryExp
   82       | • MulExp '%' UnaryExp
   84 AddExp: AddExp '+' • MulExp

    IDENTIFIER   shift, and go to state 43
    INT_CONST    shift, and go to state 44
    FLOAT_CONST  shift, and go to state 45
    INC_OP       shift, and go to state 46
    DEC_OP       shift, and go to state 47
    '('          shift, and go to state 49
    '+'          shift, and go to state 50
    '-'          shift, and go to state 51
    '!'          shift, and go to state 52

    LVal        go to state 55
    PrimaryExp  go to state 56
    UnaryExp    go to state 57
    MulExp      go to state 127


State 100

   62 LVal: • IDENTIFIER ExpList
   65 PrimaryExp: • '(' Exp ')'
   66           | • LVal
   67           | • INT_CONST
   68           | • FLOAT_CONST
   69 UnaryExp: • PrimaryExp
   70         | • IDENTIFIER '(' FuncRParams ')'
   71         | • IDENTIFIER '(' ')'
   72         | • INC_OP UnaryExp
   73         | • DEC_OP UnaryExp
   74         | • '+' UnaryExp
   75         | • '-' UnaryExp
   76         | • '!' UnaryExp
   79 MulExp: • UnaryExp
   80       | • MulExp '*' UnaryExp
   81       | • MulExp '/' UnaryExp
   82       | • MulExp '%' UnaryExp
   85 AddExp: AddExp '-' • MulExp

    IDENTIFIER   shift, and go to state 43
    INT_CONST    shift, and go to state 44
    FLOAT_CONST  shift, and go to state 45
    INC_OP       shift, and go to state 46
    DEC_OP       shift, and go to state 47
    '('          shift, and go to state 49
    '+'          shift, and go to state 50
    '-'          shift, and go to state 51
    '!'          shift, and go to state 52

    LVal        go to state 55
    PrimaryExp  go to state 56
    UnaryExp    go to state 57
    MulExp      go to state 128


State 101

   14 ConstExpList: ConstExpList '[' ConstExp ']' •

    $default  reduce using rule 14 (ConstExpList)


State 102

   18 ConstInitVal: '{' '}' •

    $default  reduce using rule 18 (ConstInitVal)


State 103

   20 ConstInitValList: ConstInitVal •

    $default  reduce using rule 20 (ConstInitValList)


State 104

   17 ConstInitVal: '{' ConstInitValList • '}'
   19 ConstInitValList: ConstInitValList • ',' ConstInitVal

    ','  shift, and go to state 129
    '}'  shift, and go to state 130


State 105

   46 Stmt: IF '(' • Cond ')' Stmt
   47     | IF '(' • Cond ')' Stmt ELSE Stmt
   61 Cond: • LOrExp
   62 LVal: • IDENTIFIER ExpList
   65 PrimaryExp: • '(' Exp ')'
   66           | • LVal
   67           | • INT_CONST
   68           | • FLOAT_CONST
   69 UnaryExp: • PrimaryExp
   70         | • IDENTIFIER '(' FuncRParams ')'
   71         | • IDENTIFIER '(' ')'
   72         | • INC_OP UnaryExp
   73         | • DEC_OP UnaryExp
   74         | • '+' UnaryExp
   75         | • '-' UnaryExp
   76         | • '!' UnaryExp
   79 MulExp: • UnaryExp
   80       | • MulExp '*' UnaryExp
   81       | • MulExp '/' UnaryExp
   82       | • MulExp '%' UnaryExp
   83 AddExp: • MulExp
   84       | • AddExp '+' MulExp
   85       | • AddExp '-' MulExp
   86 RelExp: • AddExp
   87       | • RelExp '<' AddExp
   88       | • RelExp '>' AddExp
   89       | • RelExp LE_OP AddExp
   90       | • RelExp GE_OP AddExp
   91 EqExp: • RelExp
   92      | • EqExp EQ_OP RelExp
   93      | • EqExp NE_OP RelExp
   94 LAndExp: • EqExp
   95        | • LAndExp AND_OP EqExp
   96 LOrExp: • LAndExp
   97       | • LOrExp OR_OP LAndExp

    IDENTIFIER   shift, and go to state 43
    INT_CONST    shift, and go to state 44
    FLOAT_CONST  shift, and go to state 45
    INC_OP       shift, and go to state 46
    DEC_OP       shift, and go to state 47
    '('          shift, and go to state 49
    '+'          shift, and go to state 50
    '-'          shift, and go to state 51
    '!'          shift, and go to state 52

    Cond        go to state 131
    LVal        go to state 55
    PrimaryExp  go to state 56
    UnaryExp    go to state 57
    MulExp      go to state 58
    AddExp      go to state 132
    RelExp      go to state 133
    EqExp       go to state 134
    LAndExp     go to state 135
    LOrExp      go to state 136


State 106

   48 Stmt: WHILE '(' • Cond ')' Stmt
   61 Cond: • LOrExp
   62 LVal: • IDENTIFIER ExpList
   65 PrimaryExp: • '(' Exp ')'
   66           | • LVal
   67           | • INT_CONST
   68           | • FLOAT_CONST
   69 UnaryExp: • PrimaryExp
   70         | • IDENTIFIER '(' FuncRParams ')'
   71         | • IDENTIFIER '(' ')'
   72         | • INC_OP UnaryExp
   73         | • DEC_OP UnaryExp
   74         | • '+' UnaryExp
   75         | • '-' UnaryExp
   76         | • '!' UnaryExp
   79 MulExp: • UnaryExp
   80       | • MulExp '*' UnaryExp
   81       | • MulExp '/' UnaryExp
   82       | • MulExp '%' UnaryExp
   83 AddExp: • MulExp
   84       | • AddExp '+' MulExp
   85       | • AddExp '-' MulExp
   86 RelExp: • AddExp
   87       | • RelExp '<' AddExp
   88       | • RelExp '>' AddExp
   89       | • RelExp LE_OP AddExp
   90       | • RelExp GE_OP AddExp
   91 EqExp: • RelExp
   92      | • EqExp EQ_OP RelExp
   93      | • EqExp NE_OP RelExp
   94 LAndExp: • EqExp
   95        | • LAndExp AND_OP EqExp
   96 LOrExp: • LAndExp
   97       | • LOrExp OR_OP LAndExp

    IDENTIFIER   shift, and go to state 43
    INT_CONST    shift, and go to state 44
    FLOAT_CONST  shift, and go to state 45
    INC_OP       shift, and go to state 46
    DEC_OP       shift, and go to state 47
    '('          shift, and go to state 49
    '+'          shift, and go to state 50
    '-'          shift, and go to state 51
    '!'          shift, and go to state 52

    Cond        go to state 137
    LVal        go to state 55
    PrimaryExp  go to state 56
    UnaryExp    go to state 57
    MulExp      go to state 58
    AddExp      go to state 132
    RelExp      go to state 133
    EqExp       go to state 134
    LAndExp     go to state 135
    LOrExp      go to state 136


State 107

   49 Stmt: DO Stmt • WHILE '(' Cond ')' ';'

    WHILE  shift, and go to state 138


State 108

   50 Stmt: FOR '(' • ForStmt ';' CondOrEmpty ';' ForStmt ')' Stmt
   58 ForStmt: • ForStmt ',' LVal '=' Exp
   59        | • LVal '=' Exp
   62 LVal: • IDENTIFIER ExpList

    IDENTIFIER  shift, and go to state 139

    ForStmt  go to state 140
    LVal     go to state 141


State 109

   51 Stmt: BREAK ';' •

    $default  reduce using rule 51 (Stmt)


State 110

   52 Stmt: CONTINUE ';' •

    $default  reduce using rule 52 (Stmt)


State 111

   53 Stmt: RETURN ExpOrEmpty • ';'

    ';'  shift, and go to state 142


State 112

   37 Block: '{' BlockItemList '}' •

    $default  reduce using rule 37 (Block)


State 113

   39 BlockItemList: BlockItemList BlockItem •

    $default  reduce using rule 39 (BlockItemList)


State 114

   44 Stmt: ExpOrEmpty ';' •

    $default  reduce using rule 44 (Stmt)


State 115

   43 Stmt: LVal '=' • Exp ';'
   60 Exp: • AddExp
   62 LVal: • IDENTIFIER ExpList
   65 PrimaryExp: • '(' Exp ')'
   66           | • LVal
   67           | • INT_CONST
   68           | • FLOAT_CONST
   69 UnaryExp: • PrimaryExp
   70         | • IDENTIFIER '(' FuncRParams ')'
   71         | • IDENTIFIER '(' ')'
   72         | • INC_OP UnaryExp
   73         | • DEC_OP UnaryExp
   74         | • '+' UnaryExp
   75         | • '-' UnaryExp
   76         | • '!' UnaryExp
   79 MulExp: • UnaryExp
   80       | • MulExp '*' UnaryExp
   81       | • MulExp '/' UnaryExp
   82       | • MulExp '%' UnaryExp
   83 AddExp: • MulExp
   84       | • AddExp '+' MulExp
   85       | • AddExp '-' MulExp

    IDENTIFIER   shift, and go to state 43
    INT_CONST    shift, and go to state 44
    FLOAT_CONST  shift, and go to state 45
    INC_OP       shift, and go to state 46
    DEC_OP       shift, and go to state 47
    '('          shift, and go to state 49
    '+'          shift, and go to state 50
    '-'          shift, and go to state 51
    '!'          shift, and go to state 52

    Exp         go to state 143
    LVal        go to state 55
    PrimaryExp  go to state 56
    UnaryExp    go to state 57
    MulExp      go to state 58
    AddExp      go to state 59


State 116

   14 ConstExpList: • ConstExpList '[' ConstExp ']'
   15             | ε •
   36 FuncFParam: BType IDENTIFIER '[' ']' • ConstExpList

    $default  reduce using rule 15 (ConstExpList)

    ConstExpList  go to state 144


State 117

   71 UnaryExp: IDENTIFIER '(' ')' •

    $default  reduce using rule 71 (UnaryExp)


State 118

   78 FuncRParams: Exp •

    $default  reduce using rule 78 (FuncRParams)


State 119

   70 UnaryExp: IDENTIFIER '(' FuncRParams • ')'
   77 FuncRParams: FuncRParams • ',' Exp

    ','  shift, and go to state 145
    ')'  shift, and go to state 146


State 120

   60 Exp: • AddExp
   62 LVal: • IDENTIFIER ExpList
   63 ExpList: ExpList '[' • Exp ']'
   65 PrimaryExp: • '(' Exp ')'
   66           | • LVal
   67           | • INT_CONST
   68           | • FLOAT_CONST
   69 UnaryExp: • PrimaryExp
   70         | • IDENTIFIER '(' FuncRParams ')'
   71         | • IDENTIFIER '(' ')'
   72         | • INC_OP UnaryExp
   73         | • DEC_OP UnaryExp
   74         | • '+' UnaryExp
   75         | • '-' UnaryExp
   76         | • '!' UnaryExp
   79 MulExp: • UnaryExp
   80       | • MulExp '*' UnaryExp
   81       | • MulExp '/' UnaryExp
   82       | • MulExp '%' UnaryExp
   83 AddExp: • MulExp
   84       | • AddExp '+' MulExp
   85       | • AddExp '-' MulExp

    IDENTIFIER   shift, and go to state 43
    INT_CONST    shift, and go to state 44
    FLOAT_CONST  shift, and go to state 45
    INC_OP       shift, and go to state 46
    DEC_OP       shift, and go to state 47
    '('          shift, and go to state 49
    '+'          shift, and go to state 50
    '-'          shift, and go to state 51
    '!'          shift, and go to state 52

    Exp         go to state 147
    LVal        go to state 55
    PrimaryExp  go to state 56
    UnaryExp    go to state 57
    MulExp      go to state 58
    AddExp      go to state 59


State 121

   26 InitVal: • Exp
   27        | • '{' InitValList '}'
   28        | • '{' '}'
   29 InitValList: InitValList ',' • InitVal
   60 Exp: • AddExp
   62 LVal: • IDENTIFIER ExpList
   65 PrimaryExp: • '(' Exp ')'
   66           | • LVal
   67           | • INT_CONST
   68           | • FLOAT_CONST
   69 UnaryExp: • PrimaryExp
   70         | • IDENTIFIER '(' FuncRParams ')'
   71         | • IDENTIFIER '(' ')'
   72         | • INC_OP UnaryExp
   73         | • DEC_OP UnaryExp
   74         | • '+' UnaryExp
   75         | • '-' UnaryExp
   76         | • '!' UnaryExp
   79 MulExp: • UnaryExp
   80       | • MulExp '*' UnaryExp
   81       | • MulExp '/' UnaryExp
   82       | • MulExp '%' UnaryExp
   83 AddExp: • MulExp
   84       | • AddExp '+' MulExp
   85       | • AddExp '-' MulExp

    IDENTIFIER   shift, and go to state 43
    INT_CONST    shift, and go to state 44
    FLOAT_CONST  shift, and go to state 45
    INC_OP       shift, and go to state 46
    DEC_OP       shift, and go to state 47
    '{'          shift, and go to state 48
    '('          shift, and go to state 49
    '+'          shift, and go to state 50
    '-'          shift, and go to state 51
    '!'          shift, and go to state 52

    InitVal     go to state 148
    Exp         go to state 54
    LVal        go to state 55
    PrimaryExp  go to state 56
    UnaryExp    go to state 57
    MulExp      go to state 58
    AddExp      go to state 59


State 122

   27 InitVal: '{' InitValList '}' •

    $default  reduce using rule 27 (InitVal)


State 123

   65 PrimaryExp: '(' Exp ')' •

    $default  reduce using rule 65 (PrimaryExp)


State 124

   80 MulExp: MulExp '*' UnaryExp •

    $default  reduce using rule 80 (MulExp)


State 125

   81 MulExp: MulExp '/' UnaryExp •

    $default  reduce using rule 81 (MulExp)


State 126

   82 MulExp: MulExp '%' UnaryExp •

    $default  reduce using rule 82 (MulExp)


State 127

   80 MulExp: MulExp • '*' UnaryExp
   81       | MulExp • '/' UnaryExp
   82       | MulExp • '%' UnaryExp
   84 AddExp: AddExp '+' MulExp •  [LE_OP, GE_OP, EQ_OP, NE_OP, AND_OP, OR_OP, ';', ',', ']', '}', ')', '+', '-', '<', '>']

    '*'  shift, and go to state 96
    '/'  shift, and go to state 97
    '%'  shift, and go to state 98

    $default  reduce using rule 84 (AddExp)


State 128

   80 MulExp: MulExp • '*' UnaryExp
   81       | MulExp • '/' UnaryExp
   82       | MulExp • '%' UnaryExp
   85 AddExp: AddExp '-' MulExp •  [LE_OP, GE_OP, EQ_OP, NE_OP, AND_OP, OR_OP, ';', ',', ']', '}', ')', '+', '-', '<', '>']

    '*'  shift, and go to state 96
    '/'  shift, and go to state 97
    '%'  shift, and go to state 98

    $default  reduce using rule 85 (AddExp)


State 129

   16 ConstInitVal: • ConstExp
   17             | • '{' ConstInitValList '}'
   18             | • '{' '}'
   19 ConstInitValList: ConstInitValList ',' • ConstInitVal
   62 LVal: • IDENTIFIER ExpList
   65 PrimaryExp: • '(' Exp ')'
   66           | • LVal
   67           | • INT_CONST
   68           | • FLOAT_CONST
   69 UnaryExp: • PrimaryExp
   70         | • IDENTIFIER '(' FuncRParams ')'
   71         | • IDENTIFIER '(' ')'
   72         | • INC_OP UnaryExp
   73         | • DEC_OP UnaryExp
   74         | • '+' UnaryExp
   75         | • '-' UnaryExp
   76         | • '!' UnaryExp
   79 MulExp: • UnaryExp
   80       | • MulExp '*' UnaryExp
   81       | • MulExp '/' UnaryExp
   82       | • MulExp '%' UnaryExp
   83 AddExp: • MulExp
   84       | • AddExp '+' MulExp
   85       | • AddExp '-' MulExp
   98 ConstExp: • AddExp

    IDENTIFIER   shift, and go to state 43
    INT_CONST    shift, and go to state 44
    FLOAT_CONST  shift, and go to state 45
    INC_OP       shift, and go to state 46
    DEC_OP       shift, and go to state 47
    '{'          shift, and go to state 62
    '('          shift, and go to state 49
    '+'          shift, and go to state 50
    '-'          shift, and go to state 51
    '!'          shift, and go to state 52

    ConstInitVal  go to state 149
    LVal          go to state 55
    PrimaryExp    go to state 56
    UnaryExp      go to state 57
    MulExp        go to state 58
    AddExp        go to state 60
    ConstExp      go to state 64


State 130

   17 ConstInitVal: '{' ConstInitValList '}' •

    $default  reduce using rule 17 (ConstInitVal)


State 131

   46 Stmt: IF '(' Cond • ')' Stmt
   47     | IF '(' Cond • ')' Stmt ELSE Stmt

    ')'  shift, and go to state 150


State 132

   84 AddExp: AddExp • '+' MulExp
   85       | AddExp • '-' MulExp
   86 RelExp: AddExp •  [LE_OP, GE_OP, EQ_OP, NE_OP, AND_OP, OR_OP, ';', ')', '<', '>']

    '+'  shift, and go to state 99
    '-'  shift, and go to state 100

    $default  reduce using rule 86 (RelExp)


State 133

   87 RelExp: RelExp • '<' AddExp
   88       | RelExp • '>' AddExp
   89       | RelExp • LE_OP AddExp
   90       | RelExp • GE_OP AddExp
   91 EqExp: RelExp •  [EQ_OP, NE_OP, AND_OP, OR_OP, ';', ')']

    LE_OP  shift, and go to state 151
    GE_OP  shift, and go to state 152
    '<'    shift, and go to state 153
    '>'    shift, and go to state 154

    $default  reduce using rule 91 (EqExp)


State 134

   92 EqExp: EqExp • EQ_OP RelExp
   93      | EqExp • NE_OP RelExp
   94 LAndExp: EqExp •  [AND_OP, OR_OP, ';', ')']

    EQ_OP  shift, and go to state 155
    NE_OP  shift, and go to state 156

    $default  reduce using rule 94 (LAndExp)


State 135

   95 LAndExp: LAndExp • AND_OP EqExp
   96 LOrExp: LAndExp •  [OR_OP, ';', ')']

    AND_OP  shift, and go to state 157

    $default  reduce using rule 96 (LOrExp)


State 136

   61 Cond: LOrExp •  [';', ')']
   97 LOrExp: LOrExp • OR_OP LAndExp

    OR_OP  shift, and go to state 158

    $default  reduce using rule 61 (Cond)


State 137

   48 Stmt: WHILE '(' Cond • ')' Stmt

    ')'  shift, and go to state 159


State 138

   49 Stmt: DO Stmt WHILE • '(' Cond ')' ';'

    '('  shift, and go to state 160


State 139

   62 LVal: IDENTIFIER • ExpList
   63 ExpList: • ExpList '[' Exp ']'
   64        | ε •

    $default  reduce using rule 64 (ExpList)

    ExpList  go to state 86


State 140

   50 Stmt: FOR '(' ForStmt • ';' CondOrEmpty ';' ForStmt ')' Stmt
   58 ForStmt: ForStmt • ',' LVal '=' Exp

    ';'  shift, and go to state 161
    ','  shift, and go to state 162


State 141

   59 ForStmt: LVal • '=' Exp

    '='  shift, and go to state 163


State 142

   53 Stmt: RETURN ExpOrEmpty ';' •

    $default  reduce using rule 53 (Stmt)


State 143

   43 Stmt: LVal '=' Exp • ';'

    ';'  shift, and go to state 164


State 144

   14 ConstExpList: ConstExpList • '[' ConstExp ']'
   36 FuncFParam: BType IDENTIFIER '[' ']' ConstExpList •  [',', ')']

    '['  shift, and go to state 33

    $default  reduce using rule 36 (FuncFParam)


State 145

   60 Exp: • AddExp
   62 LVal: • IDENTIFIER ExpList
   65 PrimaryExp: • '(' Exp ')'
   66           | • LVal
   67           | • INT_CONST
   68           | • FLOAT_CONST
   69 UnaryExp: • PrimaryExp
   70         | • IDENTIFIER '(' FuncRParams ')'
   71         | • IDENTIFIER '(' ')'
   72         | • INC_OP UnaryExp
   73         | • DEC_OP UnaryExp
   74         | • '+' UnaryExp
   75         | • '-' UnaryExp
   76         | • '!' UnaryExp
   77 FuncRParams: FuncRParams ',' • Exp
   79 MulExp: • UnaryExp
   80       | • MulExp '*' UnaryExp
   81       | • MulExp '/' UnaryExp
   82       | • MulExp '%' UnaryExp
   83 AddExp: • MulExp
   84       | • AddExp '+' MulExp
   85       | • AddExp '-' MulExp

    IDENTIFIER   shift, and go to state 43
    INT_CONST    shift, and go to state 44
    FLOAT_CONST  shift, and go to state 45
    INC_OP       shift, and go to state 46
    DEC_OP       shift, and go to state 47
    '('          shift, and go to state 49
    '+'          shift, and go to state 50
    '-'          shift, and go to state 51
    '!'          shift, and go to state 52

    Exp         go to state 165
    LVal        go to state 55
    PrimaryExp  go to state 56
    UnaryExp    go to state 57
    MulExp      go to state 58
    AddExp      go to state 59


State 146

   70 UnaryExp: IDENTIFIER '(' FuncRParams ')' •

    $default  reduce using rule 70 (UnaryExp)


State 147

   63 ExpList: ExpList '[' Exp • ']'

    ']'  shift, and go to state 166


State 148

   29 InitValList: InitValList ',' InitVal •

    $default  reduce using rule 29 (InitValList)


State 149

   19 ConstInitValList: ConstInitValList ',' ConstInitVal •

    $default  reduce using rule 19 (ConstInitValList)


State 150

   37 Block: • '{' BlockItemList '}'
   38      | • '{' '}'
   43 Stmt: • LVal '=' Exp ';'
   44     | • ExpOrEmpty ';'
   45     | • Block
   46     | • IF '(' Cond ')' Stmt
   46     | IF '(' Cond ')' • Stmt
   47     | • IF '(' Cond ')' Stmt ELSE Stmt
   47     | IF '(' Cond ')' • Stmt ELSE Stmt
   48     | • WHILE '(' Cond ')' Stmt
   49     | • DO Stmt WHILE '(' Cond ')' ';'
   50     | • FOR '(' ForStmt ';' CondOrEmpty ';' ForStmt ')' Stmt
   51     | • BREAK ';'
   52     | • CONTINUE ';'
   53     | • RETURN ExpOrEmpty ';'
   54 ExpOrEmpty: • Exp
   55           | ε •  [';']
   60 Exp: • AddExp
   62 LVal: • IDENTIFIER ExpList
   65 PrimaryExp: • '(' Exp ')'
   66           | • LVal
   67           | • INT_CONST
   68           | • FLOAT_CONST
   69 UnaryExp: • PrimaryExp
   70         | • IDENTIFIER '(' FuncRParams ')'
   71         | • IDENTIFIER '(' ')'
   72         | • INC_OP UnaryExp
   73         | • DEC_OP UnaryExp
   74         | • '+' UnaryExp
   75         | • '-' UnaryExp
   76         | • '!' UnaryExp
   79 MulExp: • UnaryExp
   80       | • MulExp '*' UnaryExp
   81       | • MulExp '/' UnaryExp
   82       | • MulExp '%' UnaryExp
   83 AddExp: • MulExp
   84       | • AddExp '+' MulExp
   85       | • AddExp '-' MulExp

    IDENTIFIER   shift, and go to state 43
    INT_CONST    shift, and go to state 44
    FLOAT_CONST  shift, and go to state 45
    IF           shift, and go to state 65
    WHILE        shift, and go to state 66
    DO           shift, and go to state 67
    FOR          shift, and go to state 68
    BREAK        shift, and go to state 69
    CONTINUE     shift, and go to state 70
    RETURN       shift, and go to state 71
    INC_OP       shift, and go to state 46
    DEC_OP       shift, and go to state 47
    '{'          shift, and go to state 38
    '('          shift, and go to state 49
    '+'          shift, and go to state 50
    '-'          shift, and go to state 51
    '!'          shift, and go to state 52

    $default  reduce using rule 55 (ExpOrEmpty)

    Block       go to state 75
    Stmt        go to state 167
    ExpOrEmpty  go to state 79
    Exp         go to state 80
    LVal        go to state 81
    PrimaryExp  go to state 56
    UnaryExp    go to state 57
    MulExp      go to state 58
    AddExp      go to state 59


State 151

   62 LVal: • IDENTIFIER ExpList
   65 PrimaryExp: • '(' Exp ')'
   66           | • LVal
   67           | • INT_CONST
   68           | • FLOAT_CONST
   69 UnaryExp: • PrimaryExp
   70         | • IDENTIFIER '(' FuncRParams ')'
   71         | • IDENTIFIER '(' ')'
   72         | • INC_OP UnaryExp
   73         | • DEC_OP UnaryExp
   74         | • '+' UnaryExp
   75         | • '-' UnaryExp
   76         | • '!' UnaryExp
   79 MulExp: • UnaryExp
   80       | • MulExp '*' UnaryExp
   81       | • MulExp '/' UnaryExp
   82       | • MulExp '%' UnaryExp
   83 AddExp: • MulExp
   84       | • AddExp '+' MulExp
   85       | • AddExp '-' MulExp
   89 RelExp: RelExp LE_OP • AddExp

    IDENTIFIER   shift, and go to state 43
    INT_CONST    shift, and go to state 44
    FLOAT_CONST  shift, and go to state 45
    INC_OP       shift, and go to state 46
    DEC_OP       shift, and go to state 47
    '('          shift, and go to state 49
    '+'          shift, and go to state 50
    '-'          shift, and go to state 51
    '!'          shift, and go to state 52

    LVal        go to state 55
    PrimaryExp  go to state 56
    UnaryExp    go to state 57
    MulExp      go to state 58
    AddExp      go to state 168


State 152

   62 LVal: • IDENTIFIER ExpList
   65 PrimaryExp: • '(' Exp ')'
   66           | • LVal
   67           | • INT_CONST
   68           | • FLOAT_CONST
   69 UnaryExp: • PrimaryExp
   70         | • IDENTIFIER '(' FuncRParams ')'
   71         | • IDENTIFIER '(' ')'
   72         | • INC_OP UnaryExp
   73         | • DEC_OP UnaryExp
   74         | • '+' UnaryExp
   75         | • '-' UnaryExp
   76         | • '!' UnaryExp
   79 MulExp: • UnaryExp
   80       | • MulExp '*' UnaryExp
   81       | • MulExp '/' UnaryExp
   82       | • MulExp '%' UnaryExp
   83 AddExp: • MulExp
   84       | • AddExp '+' MulExp
   85       | • AddExp '-' MulExp
   90 RelExp: RelExp GE_OP • AddExp

    IDENTIFIER   shift, and go to state 43
    INT_CONST    shift, and go to state 44
    FLOAT_CONST  shift, and go to state 45
    INC_OP       shift, and go to state 46
    DEC_OP       shift, and go to state 47
    '('          shift, and go to state 49
    '+'          shift, and go to state 50
    '-'          shift, and go to state 51
    '!'          shift, and go to state 52

    LVal        go to state 55
    PrimaryExp  go to state 56
    UnaryExp    go to state 57
    MulExp      go to state 58
    AddExp      go to state 169


State 153

   62 LVal: • IDENTIFIER ExpList
   65 PrimaryExp: • '(' Exp ')'
   66           | • LVal
   67           | • INT_CONST
   68           | • FLOAT_CONST
   69 UnaryExp: • PrimaryExp
   70         | • IDENTIFIER '(' FuncRParams ')'
   71         | • IDENTIFIER '(' ')'
   72         | • INC_OP UnaryExp
   73         | • DEC_OP UnaryExp
   74         | • '+' UnaryExp
   75         | • '-' UnaryExp
   76         | • '!' UnaryExp
   79 MulExp: • UnaryExp
   80       | • MulExp '*' UnaryExp
   81       | • MulExp '/' UnaryExp
   82       | • MulExp '%' UnaryExp
   83 AddExp: • MulExp
   84       | • AddExp '+' MulExp
   85       | • AddExp '-' MulExp
   87 RelExp: RelExp '<' • AddExp

    IDENTIFIER   shift, and go to state 43
    INT_CONST    shift, and go to state 44
    FLOAT_CONST  shift, and go to state 45
    INC_OP       shift, and go to state 46
    DEC_OP       shift, and go to state 47
    '('          shift, and go to state 49
    '+'          shift, and go to state 50
    '-'          shift, and go to state 51
    '!'          shift, and go to state 52

    LVal        go to state 55
    PrimaryExp  go to state 56
    UnaryExp    go to state 57
    MulExp      go to state 58
    AddExp      go to state 170


State 154

   62 LVal: • IDENTIFIER ExpList
   65 PrimaryExp: • '(' Exp ')'
   66           | • LVal
   67           | • INT_CONST
   68           | • FLOAT_CONST
   69 UnaryExp: • PrimaryExp
   70         | • IDENTIFIER '(' FuncRParams ')'
   71         | • IDENTIFIER '(' ')'
   72         | • INC_OP UnaryExp
   73         | • DEC_OP UnaryExp
   74         | • '+' UnaryExp
   75         | • '-' UnaryExp
   76         | • '!' UnaryExp
   79 MulExp: • UnaryExp
   80       | • MulExp '*' UnaryExp
   81       | • MulExp '/' UnaryExp
   82       | • MulExp '%' UnaryExp
   83 AddExp: • MulExp
   84       | • AddExp '+' MulExp
   85       | • AddExp '-' MulExp
   88 RelExp: RelExp '>' • AddExp

    IDENTIFIER   shift, and go to state 43
    INT_CONST    shift, and go to state 44
    FLOAT_CONST  shift, and go to state 45
    INC_OP       shift, and go to state 46
    DEC_OP       shift, and go to state 47
    '('          shift, and go to state 49
    '+'          shift, and go to state 50
    '-'          shift, and go to state 51
    '!'          shift, and go to state 52

    LVal        go to state 55
    PrimaryExp  go to state 56
    UnaryExp    go to state 57
    MulExp      go to state 58
    AddExp      go to state 171


State 155

   62 LVal: • IDENTIFIER ExpList
   65 PrimaryExp: • '(' Exp ')'
   66           | • LVal
   67           | • INT_CONST
   68           | • FLOAT_CONST
   69 UnaryExp: • PrimaryExp
   70         | • IDENTIFIER '(' FuncRParams ')'
   71         | • IDENTIFIER '(' ')'
   72         | • INC_OP UnaryExp
   73         | • DEC_OP UnaryExp
   74         | • '+' UnaryExp
   75         | • '-' UnaryExp
   76         | • '!' UnaryExp
   79 MulExp: • UnaryExp
   80       | • MulExp '*' UnaryExp
   81       | • MulExp '/' UnaryExp
   82       | • MulExp '%' UnaryExp
   83 AddExp: • MulExp
   84       | • AddExp '+' MulExp
   85       | • AddExp '-' MulExp
   86 RelExp: • AddExp
   87       | • RelExp '<' AddExp
   88       | • RelExp '>' AddExp
   89       | • RelExp LE_OP AddExp
   90       | • RelExp GE_OP AddExp
   92 EqExp: EqExp EQ_OP • RelExp

    IDENTIFIER   shift, and go to state 43
    INT_CONST    shift, and go to state 44
    FLOAT_CONST  shift, and go to state 45
    INC_OP       shift, and go to state 46
    DEC_OP       shift, and go to state 47
    '('          shift, and go to state 49
    '+'          shift, and go to state 50
    '-'          shift, and go to state 51
    '!'          shift, and go to state 52

    LVal        go to state 55
    PrimaryExp  go to state 56
    UnaryExp    go to state 57
    MulExp      go to state 58
    AddExp      go to state 132
    RelExp      go to state 172


State 156

   62 LVal: • IDENTIFIER ExpList
   65 PrimaryExp: • '(' Exp ')'
   66           | • LVal
   67           | • INT_CONST
   68           | • FLOAT_CONST
   69 UnaryExp: • PrimaryExp
   70         | • IDENTIFIER '(' FuncRParams ')'
   71         | • IDENTIFIER '(' ')'
   72         | • INC_OP UnaryExp
   73         | • DEC_OP UnaryExp
   74         | • '+' UnaryExp
   75         | • '-' UnaryExp
   76         | • '!' UnaryExp
   79 MulExp: • UnaryExp
   80       | • MulExp '*' UnaryExp
   81       | • MulExp '/' UnaryExp
   82       | • MulExp '%' UnaryExp
   83 AddExp: • MulExp
   84       | • AddExp '+' MulExp
   85       | • AddExp '-' MulExp
   86 RelExp: • AddExp
   87       | • RelExp '<' AddExp
   88       | • RelExp '>' AddExp
   89       | • RelExp LE_OP AddExp
   90       | • RelExp GE_OP AddExp
   93 EqExp: EqExp NE_OP • RelExp

    IDENTIFIER   shift, and go to state 43
    INT_CONST    shift, and go to state 44
    FLOAT_CONST  shift, and go to state 45
    INC_OP       shift, and go to state 46
    DEC_OP       shift, and go to state 47
    '('          shift, and go to state 49
    '+'          shift, and go to state 50
    '-'          shift, and go to state 51
    '!'          shift, and go to state 52

    LVal        go to state 55
    PrimaryExp  go to state 56
    UnaryExp    go to state 57
    MulExp      go to state 58
    AddExp      go to state 132
    RelExp      go to state 173


State 157

   62 LVal: • IDENTIFIER ExpList
   65 PrimaryExp: • '(' Exp ')'
   66           | • LVal
   67           | • INT_CONST
   68           | • FLOAT_CONST
   69 UnaryExp: • PrimaryExp
   70         | • IDENTIFIER '(' FuncRParams ')'
   71         | • IDENTIFIER '(' ')'
   72         | • INC_OP UnaryExp
   73         | • DEC_OP UnaryExp
   74         | • '+' UnaryExp
   75         | • '-' UnaryExp
   76         | • '!' UnaryExp
   79 MulExp: • UnaryExp
   80       | • MulExp '*' UnaryExp
   81       | • MulExp '/' UnaryExp
   82       | • MulExp '%' UnaryExp
   83 AddExp: • MulExp
   84       | • AddExp '+' MulExp
   85       | • AddExp '-' MulExp
   86 RelExp: • AddExp
   87       | • RelExp '<' AddExp
   88       | • RelExp '>' AddExp
   89       | • RelExp LE_OP AddExp
   90       | • RelExp GE_OP AddExp
   91 EqExp: • RelExp
   92      | • EqExp EQ_OP RelExp
   93      | • EqExp NE_OP RelExp
   95 LAndExp: LAndExp AND_OP • EqExp

    IDENTIFIER   shift, and go to state 43
    INT_CONST    shift, and go to state 44
    FLOAT_CONST  shift, and go to state 45
    INC_OP       shift, and go to state 46
    DEC_OP       shift, and go to state 47
    '('          shift, and go to state 49
    '+'          shift, and go to state 50
    '-'          shift, and go to state 51
    '!'          shift, and go to state 52

    LVal        go to state 55
    PrimaryExp  go to state 56
    UnaryExp    go to state 57
    MulExp      go to state 58
    AddExp      go to state 132
    RelExp      go to state 133
    EqExp       go to state 174


State 158

   62 LVal: • IDENTIFIER ExpList
   65 PrimaryExp: • '(' Exp ')'
   66           | • LVal
   67           | • INT_CONST
   68           | • FLOAT_CONST
   69 UnaryExp: • PrimaryExp
   70         | • IDENTIFIER '(' FuncRParams ')'
   71         | • IDENTIFIER '(' ')'
   72         | • INC_OP UnaryExp
   73         | • DEC_OP UnaryExp
   74         | • '+' UnaryExp
   75         | • '-' UnaryExp
   76         | • '!' UnaryExp
   79 MulExp: • UnaryExp
   80       | • MulExp '*' UnaryExp
   81       | • MulExp '/' UnaryExp
   82       | • MulExp '%' UnaryExp
   83 AddExp: • MulExp
   84       | • AddExp '+' MulExp
   85       | • AddExp '-' MulExp
   86 RelExp: • AddExp
   87       | • RelExp '<' AddExp
   88       | • RelExp '>' AddExp
   89       | • RelExp LE_OP AddExp
   90       | • RelExp GE_OP AddExp
   91 EqExp: • RelExp
   92      | • EqExp EQ_OP RelExp
   93      | • EqExp NE_OP RelExp
   94 LAndExp: • EqExp
   95        | • LAndExp AND_OP EqExp
   97 LOrExp: LOrExp OR_OP • LAndExp

    IDENTIFIER   shift, and go to state 43
    INT_CONST    shift, and go to state 44
    FLOAT_CONST  shift, and go to state 45
    INC_OP       shift, and go to state 46
    DEC_OP       shift, and go to state 47
    '('          shift, and go to state 49
    '+'          shift, and go to state 50
    '-'          shift, and go to state 51
    '!'          shift, and go to state 52

    LVal        go to state 55
    PrimaryExp  go to state 56
    UnaryExp    go to state 57
    MulExp      go to state 58
    AddExp      go to state 132
    RelExp      go to state 133
    EqExp       go to state 134
    LAndExp     go to state 175


State 159

   37 Block: • '{' BlockItemList '}'
   38      | • '{' '}'
   43 Stmt: • LVal '=' Exp ';'
   44     | • ExpOrEmpty ';'
   45     | • Block
   46     | • IF '(' Cond ')' Stmt
   47     | • IF '(' Cond ')' Stmt ELSE Stmt
   48     | • WHILE '(' Cond ')' Stmt
   48     | WHILE '(' Cond ')' • Stmt
   49     | • DO Stmt WHILE '(' Cond ')' ';'
   50     | • FOR '(' ForStmt ';' CondOrEmpty ';' ForStmt ')' Stmt
   51     | • BREAK ';'
   52     | • CONTINUE ';'
   53     | • RETURN ExpOrEmpty ';'
   54 ExpOrEmpty: • Exp
   55           | ε •  [';']
   60 Exp: • AddExp
   62 LVal: • IDENTIFIER ExpList
   65 PrimaryExp: • '(' Exp ')'
   66           | • LVal
   67           | • INT_CONST
   68           | • FLOAT_CONST
   69 UnaryExp: • PrimaryExp
   70         | • IDENTIFIER '(' FuncRParams ')'
   71         | • IDENTIFIER '(' ')'
   72         | • INC_OP UnaryExp
   73         | • DEC_OP UnaryExp
   74         | • '+' UnaryExp
   75         | • '-' UnaryExp
   76         | • '!' UnaryExp
   79 MulExp: • UnaryExp
   80       | • MulExp '*' UnaryExp
   81       | • MulExp '/' UnaryExp
   82       | • MulExp '%' UnaryExp
   83 AddExp: • MulExp
   84       | • AddExp '+' MulExp
   85       | • AddExp '-' MulExp

    IDENTIFIER   shift, and go to state 43
    INT_CONST    shift, and go to state 44
    FLOAT_CONST  shift, and go to state 45
    IF           shift, and go to state 65
    WHILE        shift, and go to state 66
    DO           shift, and go to state 67
    FOR          shift, and go to state 68
    BREAK        shift, and go to state 69
    CONTINUE     shift, and go to state 70
    RETURN       shift, and go to state 71
    INC_OP       shift, and go to state 46
    DEC_OP       shift, and go to state 47
    '{'          shift, and go to state 38
    '('          shift, and go to state 49
    '+'          shift, and go to state 50
    '-'          shift, and go to state 51
    '!'          shift, and go to state 52

    $default  reduce using rule 55 (ExpOrEmpty)

    Block       go to state 75
    Stmt        go to state 176
    ExpOrEmpty  go to state 79
    Exp         go to state 80
    LVal        go to state 81
    PrimaryExp  go to state 56
    UnaryExp    go to state 57
    MulExp      go to state 58
    AddExp      go to state 59


State 160

   49 Stmt: DO Stmt WHILE '(' • Cond ')' ';'
   61 Cond: • LOrExp
   62 LVal: • IDENTIFIER ExpList
   65 PrimaryExp: • '(' Exp ')'
   66           | • LVal
   67           | • INT_CONST
   68           | • FLOAT_CONST
   69 UnaryExp: • PrimaryExp
   70         | • IDENTIFIER '(' FuncRParams ')'
   71         | • IDENTIFIER '(' ')'
   72         | • INC_OP UnaryExp
   73         | • DEC_OP UnaryExp
   74         | • '+' UnaryExp
   75         | • '-' UnaryExp
   76         | • '!' UnaryExp
   79 MulExp: • UnaryExp
   80       | • MulExp '*' UnaryExp
   81       | • MulExp '/' UnaryExp
   82       | • MulExp '%' UnaryExp
   83 AddExp: • MulExp
   84       | • AddExp '+' MulExp
   85       | • AddExp '-' MulExp
   86 RelExp: • AddExp
   87       | • RelExp '<' AddExp
   88       | • RelExp '>' AddExp
   89       | • RelExp LE_OP AddExp
   90       | • RelExp GE_OP AddExp
   91 EqExp: • RelExp
   92      | • EqExp EQ_OP RelExp
   93      | • EqExp NE_OP RelExp
   94 LAndExp: • EqExp
   95        | • LAndExp AND_OP EqExp
   96 LOrExp: • LAndExp
   97       | • LOrExp OR_OP LAndExp

    IDENTIFIER   shift, and go to state 43
    INT_CONST    shift, and go to state 44
    FLOAT_CONST  shift, and go to state 45
    INC_OP       shift, and go to state 46
    DEC_OP       shift, and go to state 47
    '('          shift, and go to state 49
    '+'          shift, and go to state 50
    '-'          shift, and go to state 51
    '!'          shift, and go to state 52

    Cond        go to state 177
    LVal        go to state 55
    PrimaryExp  go to state 56
    UnaryExp    go to state 57
    MulExp      go to state 58
    AddExp      go to state 132
    RelExp      go to state 133
    EqExp       go to state 134
    LAndExp     go to state 135
    LOrExp      go to state 136


State 161

   50 Stmt: FOR '(' ForStmt ';' • CondOrEmpty ';' ForStmt ')' Stmt
   56 CondOrEmpty: • Cond
   57            | ε •  [';']
   61 Cond: • LOrExp
   62 LVal: • IDENTIFIER ExpList
   65 PrimaryExp: • '(' Exp ')'
   66           | • LVal
   67           | • INT_CONST
   68           | • FLOAT_CONST
   69 UnaryExp: • PrimaryExp
   70         | • IDENTIFIER '(' FuncRParams ')'
   71         | • IDENTIFIER '(' ')'
   72         | • INC_OP UnaryExp
   73         | • DEC_OP UnaryExp
   74         | • '+' UnaryExp
   75         | • '-' UnaryExp
   76         | • '!' UnaryExp
   79 MulExp: • UnaryExp
   80       | • MulExp '*' UnaryExp
   81       | • MulExp '/' UnaryExp
   82       | • MulExp '%' UnaryExp
   83 AddExp: • MulExp
   84       | • AddExp '+' MulExp
   85       | • AddExp '-' MulExp
   86 RelExp: • AddExp
   87       | • RelExp '<' AddExp
   88       | • RelExp '>' AddExp
   89       | • RelExp LE_OP AddExp
   90       | • RelExp GE_OP AddExp
   91 EqExp: • RelExp
   92      | • EqExp EQ_OP RelExp
   93      | • EqExp NE_OP RelExp
   94 LAndExp: • EqExp
   95        | • LAndExp AND_OP EqExp
   96 LOrExp: • LAndExp
   97       | • LOrExp OR_OP LAndExp

    IDENTIFIER   shift, and go to state 43
    INT_CONST    shift, and go to state 44
    FLOAT_CONST  shift, and go to state 45
    INC_OP       shift, and go to state 46
    DEC_OP       shift, and go to state 47
    '('          shift, and go to state 49
    '+'          shift, and go to state 50
    '-'          shift, and go to state 51
    '!'          shift, and go to state 52

    $default  reduce using rule 57 (CondOrEmpty)

    CondOrEmpty  go to state 178
    Cond         go to state 179
    LVal         go to state 55
    PrimaryExp   go to state 56
    UnaryExp     go to state 57
    MulExp       go to state 58
    AddExp       go to state 132
    RelExp       go to state 133
    EqExp        go to state 134
    LAndExp      go to state 135
    LOrExp       go to state 136


State 162

   58 ForStmt: ForStmt ',' • LVal '=' Exp
   62 LVal: • IDENTIFIER ExpList

    IDENTIFIER  shift, and go to state 139

    LVal  go to state 180


State 163

   59 ForStmt: LVal '=' • Exp
   60 Exp: • AddExp
   62 LVal: • IDENTIFIER ExpList
   65 PrimaryExp: • '(' Exp ')'
   66           | • LVal
   67           | • INT_CONST
   68           | • FLOAT_CONST
   69 UnaryExp: • PrimaryExp
   70         | • IDENTIFIER '(' FuncRParams ')'
   71         | • IDENTIFIER '(' ')'
   72         | • INC_OP UnaryExp
   73         | • DEC_OP UnaryExp
   74         | • '+' UnaryExp
   75         | • '-' UnaryExp
   76         | • '!' UnaryExp
   79 MulExp: • UnaryExp
   80       | • MulExp '*' UnaryExp
   81       | • MulExp '/' UnaryExp
   82       | • MulExp '%' UnaryExp
   83 AddExp: • MulExp
   84       | • AddExp '+' MulExp
   85       | • AddExp '-' MulExp

    IDENTIFIER   shift, and go to state 43
    INT_CONST    shift, and go to state 44
    FLOAT_CONST  shift, and go to state 45
    INC_OP       shift, and go to state 46
    DEC_OP       shift, and go to state 47
    '('          shift, and go to state 49
    '+'          shift, and go to state 50
    '-'          shift, and go to state 51
    '!'          shift, and go to state 52

    Exp         go to state 181
    LVal        go to state 55
    PrimaryExp  go to state 56
    UnaryExp    go to state 57
    MulExp      go to state 58
    AddExp      go to state 59


State 164

   43 Stmt: LVal '=' Exp ';' •

    $default  reduce using rule 43 (Stmt)


State 165

   77 FuncRParams: FuncRParams ',' Exp •

    $default  reduce using rule 77 (FuncRParams)


State 166

   63 ExpList: ExpList '[' Exp ']' •

    $default  reduce using rule 63 (ExpList)


State 167

   46 Stmt: IF '(' Cond ')' Stmt •  [IDENTIFIER, INT_CONST, FLOAT_CONST, CONST, INT, FLOAT, VOID, IF, ELSE, WHILE, DO, FOR, BREAK, CONTINUE, RETURN, INC_OP, DEC_OP, ';', '{', '}', '(', '+', '-', '!']
   47     | IF '(' Cond ')' Stmt • ELSE Stmt

    ELSE  shift, and go to state 182

    ELSE      [reduce using rule 46 (Stmt)]
    $default  reduce using rule 46 (Stmt)

    shift/reduce conflict on token ELSE:
       46 Stmt: IF '(' Cond ')' Stmt •
       47 Stmt: IF '(' Cond ')' Stmt • ELSE Stmt
      Example: IF '(' Cond ')' IF '(' Cond ')' Stmt • ELSE Stmt
      Shift derivation
        Stmt
        ↳ 46: IF '(' Cond ')' Stmt
                              ↳ 47: IF '(' Cond ')' Stmt • ELSE Stmt
      Reduce derivation
        Stmt
        ↳ 47: IF '(' Cond ')' Stmt                         ELSE Stmt
                              ↳ 46: IF '(' Cond ')' Stmt •



State 168

   84 AddExp: AddExp • '+' MulExp
   85       | AddExp • '-' MulExp
   89 RelExp: RelExp LE_OP AddExp •  [LE_OP, GE_OP, EQ_OP, NE_OP, AND_OP, OR_OP, ';', ')', '<', '>']

    '+'  shift, and go to state 99
    '-'  shift, and go to state 100

    $default  reduce using rule 89 (RelExp)


State 169

   84 AddExp: AddExp • '+' MulExp
   85       | AddExp • '-' MulExp
   90 RelExp: RelExp GE_OP AddExp •  [LE_OP, GE_OP, EQ_OP, NE_OP, AND_OP, OR_OP, ';', ')', '<', '>']

    '+'  shift, and go to state 99
    '-'  shift, and go to state 100

    $default  reduce using rule 90 (RelExp)


State 170

   84 AddExp: AddExp • '+' MulExp
   85       | AddExp • '-' MulExp
   87 RelExp: RelExp '<' AddExp •  [LE_OP, GE_OP, EQ_OP, NE_OP, AND_OP, OR_OP, ';', ')', '<', '>']

    '+'  shift, and go to state 99
    '-'  shift, and go to state 100

    $default  reduce using rule 87 (RelExp)


State 171

   84 AddExp: AddExp • '+' MulExp
   85       | AddExp • '-' MulExp
   88 RelExp: RelExp '>' AddExp •  [LE_OP, GE_OP, EQ_OP, NE_OP, AND_OP, OR_OP, ';', ')', '<', '>']

    '+'  shift, and go to state 99
    '-'  shift, and go to state 100

    $default  reduce using rule 88 (RelExp)


State 172

   87 RelExp: RelExp • '<' AddExp
   88       | RelExp • '>' AddExp
   89       | RelExp • LE_OP AddExp
   90       | RelExp • GE_OP AddExp
   92 EqExp: EqExp EQ_OP RelExp •  [EQ_OP, NE_OP, AND_OP, OR_OP, ';', ')']

    LE_OP  shift, and go to state 151
    GE_OP  shift, and go to state 152
    '<'    shift, and go to state 153
    '>'    shift, and go to state 154

    $default  reduce using rule 92 (EqExp)


State 173

   87 RelExp: RelExp • '<' AddExp
   88       | RelExp • '>' AddExp
   89       | RelExp • LE_OP AddExp
   90       | RelExp • GE_OP AddExp
   93 EqExp: EqExp NE_OP RelExp •  [EQ_OP, NE_OP, AND_OP, OR_OP, ';', ')']

    LE_OP  shift, and go to state 151
    GE_OP  shift, and go to state 152
    '<'    shift, and go to state 153
    '>'    shift, and go to state 154

    $default  reduce using rule 93 (EqExp)


State 174

   92 EqExp: EqExp • EQ_OP RelExp
   93      | EqExp • NE_OP RelExp
   95 LAndExp: LAndExp AND_OP EqExp •  [AND_OP, OR_OP, ';', ')']

    EQ_OP  shift, and go to state 155
    NE_OP  shift, and go to state 156

    $default  reduce using rule 95 (LAndExp)


State 175

   95 LAndExp: LAndExp • AND_OP EqExp
   97 LOrExp: LOrExp OR_OP LAndExp •  [OR_OP, ';', ')']

    AND_OP  shift, and go to state 157

    $default  reduce using rule 97 (LOrExp)


State 176

   48 Stmt: WHILE '(' Cond ')' Stmt •

    $default  reduce using rule 48 (Stmt)


State 177

   49 Stmt: DO Stmt WHILE '(' Cond • ')' ';'

    ')'  shift, and go to state 183


State 178

   50 Stmt: FOR '(' ForStmt ';' CondOrEmpty • ';' ForStmt ')' Stmt

    ';'  shift, and go to state 184


State 179

   56 CondOrEmpty: Cond •

    $default  reduce using rule 56 (CondOrEmpty)


State 180

   58 ForStmt: ForStmt ',' LVal • '=' Exp

    '='  shift, and go to state 185


State 181

   59 ForStmt: LVal '=' Exp •

    $default  reduce using rule 59 (ForStmt)


State 182

   37 Block: • '{' BlockItemList '}'
   38      | • '{' '}'
   43 Stmt: • LVal '=' Exp ';'
   44     | • ExpOrEmpty ';'
   45     | • Block
   46     | • IF '(' Cond ')' Stmt
   47     | • IF '(' Cond ')' Stmt ELSE Stmt
   47     | IF '(' Cond ')' Stmt ELSE • Stmt
   48     | • WHILE '(' Cond ')' Stmt
   49     | • DO Stmt WHILE '(' Cond ')' ';'
   50     | • FOR '(' ForStmt ';' CondOrEmpty ';' ForStmt ')' Stmt
   51     | • BREAK ';'
   52     | • CONTINUE ';'
   53     | • RETURN ExpOrEmpty ';'
   54 ExpOrEmpty: • Exp
   55           | ε •  [';']
   60 Exp: • AddExp
   62 LVal: • IDENTIFIER ExpList
   65 PrimaryExp: • '(' Exp ')'
   66           | • LVal
   67           | • INT_CONST
   68           | • FLOAT_CONST
   69 UnaryExp: • PrimaryExp
   70         | • IDENTIFIER '(' FuncRParams ')'
   71         | • IDENTIFIER '(' ')'
   72         | • INC_OP UnaryExp
   73         | • DEC_OP UnaryExp
   74         | • '+' UnaryExp
   75         | • '-' UnaryExp
   76         | • '!' UnaryExp
   79 MulExp: • UnaryExp
   80       | • MulExp '*' UnaryExp
   81       | • MulExp '/' UnaryExp
   82       | • MulExp '%' UnaryExp
   83 AddExp: • MulExp
   84       | • AddExp '+' MulExp
   85       | • AddExp '-' MulExp

    IDENTIFIER   shift, and go to state 43
    INT_CONST    shift, and go to state 44
    FLOAT_CONST  shift, and go to state 45
    IF           shift, and go to state 65
    WHILE        shift, and go to state 66
    DO           shift, and go to state 67
    FOR          shift, and go to state 68
    BREAK        shift, and go to state 69
    CONTINUE     shift, and go to state 70
    RETURN       shift, and go to state 71
    INC_OP       shift, and go to state 46
    DEC_OP       shift, and go to state 47
    '{'          shift, and go to state 38
    '('          shift, and go to state 49
    '+'          shift, and go to state 50
    '-'          shift, and go to state 51
    '!'          shift, and go to state 52

    $default  reduce using rule 55 (ExpOrEmpty)

    Block       go to state 75
    Stmt        go to state 186
    ExpOrEmpty  go to state 79
    Exp         go to state 80
    LVal        go to state 81
    PrimaryExp  go to state 56
    UnaryExp    go to state 57
    MulExp      go to state 58
    AddExp      go to state 59


State 183

   49 Stmt: DO Stmt WHILE '(' Cond ')' • ';'

    ';'  shift, and go to state 187


State 184

   50 Stmt: FOR '(' ForStmt ';' CondOrEmpty ';' • ForStmt ')' Stmt
   58 ForStmt: • ForStmt ',' LVal '=' Exp
   59        | • LVal '=' Exp
   62 LVal: • IDENTIFIER ExpList

    IDENTIFIER  shift, and go to state 139

    ForStmt  go to state 188
    LVal     go to state 141


State 185

   58 ForStmt: ForStmt ',' LVal '=' • Exp
   60 Exp: • AddExp
   62 LVal: • IDENTIFIER ExpList
   65 PrimaryExp: • '(' Exp ')'
   66           | • LVal
   67           | • INT_CONST
   68           | • FLOAT_CONST
   69 UnaryExp: • PrimaryExp
   70         | • IDENTIFIER '(' FuncRParams ')'
   71         | • IDENTIFIER '(' ')'
   72         | • INC_OP UnaryExp
   73         | • DEC_OP UnaryExp
   74         | • '+' UnaryExp
   75         | • '-' UnaryExp
   76         | • '!' UnaryExp
   79 MulExp: • UnaryExp
   80       | • MulExp '*' UnaryExp
   81       | • MulExp '/' UnaryExp
   82       | • MulExp '%' UnaryExp
   83 AddExp: • MulExp
   84       | • AddExp '+' MulExp
   85       | • AddExp '-' MulExp

    IDENTIFIER   shift, and go to state 43
    INT_CONST    shift, and go to state 44
    FLOAT_CONST  shift, and go to state 45
    INC_OP       shift, and go to state 46
    DEC_OP       shift, and go to state 47
    '('          shift, and go to state 49
    '+'          shift, and go to state 50
    '-'          shift, and go to state 51
    '!'          shift, and go to state 52

    Exp         go to state 189
    LVal        go to state 55
    PrimaryExp  go to state 56
    UnaryExp    go to state 57
    MulExp      go to state 58
    AddExp      go to state 59


State 186

   47 Stmt: IF '(' Cond ')' Stmt ELSE Stmt •

    $default  reduce using rule 47 (Stmt)


State 187

   49 Stmt: DO Stmt WHILE '(' Cond ')' ';' •

    $default  reduce using rule 49 (Stmt)


State 188

   50 Stmt: FOR '(' ForStmt ';' CondOrEmpty ';' ForStmt • ')' Stmt
   58 ForStmt: ForStmt • ',' LVal '=' Exp

    ','  shift, and go to state 162
    ')'  shift, and go to state 190


State 189

   58 ForStmt: ForStmt ',' LVal '=' Exp •

    $default  reduce using rule 58 (ForStmt)


State 190

   37 Block: • '{' BlockItemList '}'
   38      | • '{' '}'
   43 Stmt: • LVal '=' Exp ';'
   44     | • ExpOrEmpty ';'
   45     | • Block
   46     | • IF '(' Cond ')' Stmt
   47     | • IF '(' Cond ')' Stmt ELSE Stmt
   48     | • WHILE '(' Cond ')' Stmt
   49     | • DO Stmt WHILE '(' Cond ')' ';'
   50     | • FOR '(' ForStmt ';' CondOrEmpty ';' ForStmt ')' Stmt
   50     | FOR '(' ForStmt ';' CondOrEmpty ';' ForStmt ')' • Stmt
   51     | • BREAK ';'
   52     | • CONTINUE ';'
   53     | • RETURN ExpOrEmpty ';'
   54 ExpOrEmpty: • Exp
   55           | ε •  [';']
   60 Exp: • AddExp
   62 LVal: • IDENTIFIER ExpList
   65 PrimaryExp: • '(' Exp ')'
   66           | • LVal
   67           | • INT_CONST
   68           | • FLOAT_CONST
   69 UnaryExp: • PrimaryExp
   70         | • IDENTIFIER '(' FuncRParams ')'
   71         | • IDENTIFIER '(' ')'
   72         | • INC_OP UnaryExp
   73         | • DEC_OP UnaryExp
   74         | • '+' UnaryExp
   75         | • '-' UnaryExp
   76         | • '!' UnaryExp
   79 MulExp: • UnaryExp
   80       | • MulExp '*' UnaryExp
   81       | • MulExp '/' UnaryExp
   82       | • MulExp '%' UnaryExp
   83 AddExp: • MulExp
   84       | • AddExp '+' MulExp
   85       | • AddExp '-' MulExp

    IDENTIFIER   shift, and go to state 43
    INT_CONST    shift, and go to state 44
    FLOAT_CONST  shift, and go to state 45
    IF           shift, and go to state 65
    WHILE        shift, and go to state 66
    DO           shift, and go to state 67
    FOR          shift, and go to state 68
    BREAK        shift, and go to state 69
    CONTINUE     shift, and go to state 70
    RETURN       shift, and go to state 71
    INC_OP       shift, and go to state 46
    DEC_OP       shift, and go to state 47
    '{'          shift, and go to state 38
    '('          shift, and go to state 49
    '+'          shift, and go to state 50
    '-'          shift, and go to state 51
    '!'          shift, and go to state 52

    $default  reduce using rule 55 (ExpOrEmpty)

    Block       go to state 75
    Stmt        go to state 191
    ExpOrEmpty  go to state 79
    Exp         go to state 80
    LVal        go to state 81
    PrimaryExp  go to state 56
    UnaryExp    go to state 57
    MulExp      go to state 58
    AddExp      go to state 59


State 191

   50 Stmt: FOR '(' ForStmt ';' CondOrEmpty ';' ForStmt ')' Stmt •

    $default  reduce using rule 50 (Stmt)
